Archive member included to satisfy reference by file (symbol)

d:/software/compiler/workbench/plugins/fr.ac6.mcu.externaltools.arm-none.win32_1.17.0.201812190825/tools/compiler/bin/../lib/gcc/arm-none-eabi/7.3.1/../../../../arm-none-eabi/lib/thumb/v7-m\libc.a(lib_a-errno.o)
                              app/sys/src/sysmem.o (__errno)
d:/software/compiler/workbench/plugins/fr.ac6.mcu.externaltools.arm-none.win32_1.17.0.201812190825/tools/compiler/bin/../lib/gcc/arm-none-eabi/7.3.1/../../../../arm-none-eabi/lib/thumb/v7-m\libc.a(lib_a-exit.o)
                              d:/software/compiler/workbench/plugins/fr.ac6.mcu.externaltools.arm-none.win32_1.17.0.201812190825/tools/compiler/bin/../lib/gcc/arm-none-eabi/7.3.1/../../../../arm-none-eabi/lib/thumb/v7-m/crt0.o (exit)
d:/software/compiler/workbench/plugins/fr.ac6.mcu.externaltools.arm-none.win32_1.17.0.201812190825/tools/compiler/bin/../lib/gcc/arm-none-eabi/7.3.1/../../../../arm-none-eabi/lib/thumb/v7-m\libc.a(lib_a-impure.o)
                              d:/software/compiler/workbench/plugins/fr.ac6.mcu.externaltools.arm-none.win32_1.17.0.201812190825/tools/compiler/bin/../lib/gcc/arm-none-eabi/7.3.1/../../../../arm-none-eabi/lib/thumb/v7-m\libc.a(lib_a-exit.o) (_global_impure_ptr)
d:/software/compiler/workbench/plugins/fr.ac6.mcu.externaltools.arm-none.win32_1.17.0.201812190825/tools/compiler/bin/../lib/gcc/arm-none-eabi/7.3.1/../../../../arm-none-eabi/lib/thumb/v7-m\libc.a(lib_a-init.o)
                              d:/software/compiler/workbench/plugins/fr.ac6.mcu.externaltools.arm-none.win32_1.17.0.201812190825/tools/compiler/bin/../lib/gcc/arm-none-eabi/7.3.1/../../../../arm-none-eabi/lib/thumb/v7-m/crt0.o (__libc_init_array)
d:/software/compiler/workbench/plugins/fr.ac6.mcu.externaltools.arm-none.win32_1.17.0.201812190825/tools/compiler/bin/../lib/gcc/arm-none-eabi/7.3.1/../../../../arm-none-eabi/lib/thumb/v7-m\libc.a(lib_a-memset.o)
                              d:/software/compiler/workbench/plugins/fr.ac6.mcu.externaltools.arm-none.win32_1.17.0.201812190825/tools/compiler/bin/../lib/gcc/arm-none-eabi/7.3.1/../../../../arm-none-eabi/lib/thumb/v7-m/crt0.o (memset)
d:/software/compiler/workbench/plugins/fr.ac6.mcu.externaltools.arm-none.win32_1.17.0.201812190825/tools/compiler/bin/../lib/gcc/arm-none-eabi/7.3.1/../../../../arm-none-eabi/lib/thumb/v7-m\libc.a(lib_a-__call_atexit.o)
                              d:/software/compiler/workbench/plugins/fr.ac6.mcu.externaltools.arm-none.win32_1.17.0.201812190825/tools/compiler/bin/../lib/gcc/arm-none-eabi/7.3.1/../../../../arm-none-eabi/lib/thumb/v7-m\libc.a(lib_a-exit.o) (__call_exitprocs)
d:/software/compiler/workbench/plugins/fr.ac6.mcu.externaltools.arm-none.win32_1.17.0.201812190825/tools/compiler/bin/../lib/gcc/arm-none-eabi/7.3.1/../../../../arm-none-eabi/lib/thumb/v7-m\libc.a(lib_a-atexit.o)
                              d:/software/compiler/workbench/plugins/fr.ac6.mcu.externaltools.arm-none.win32_1.17.0.201812190825/tools/compiler/bin/../lib/gcc/arm-none-eabi/7.3.1/../../../../arm-none-eabi/lib/thumb/v7-m\libc.a(lib_a-__call_atexit.o) (atexit)
d:/software/compiler/workbench/plugins/fr.ac6.mcu.externaltools.arm-none.win32_1.17.0.201812190825/tools/compiler/bin/../lib/gcc/arm-none-eabi/7.3.1/../../../../arm-none-eabi/lib/thumb/v7-m\libc.a(lib_a-fini.o)
                              d:/software/compiler/workbench/plugins/fr.ac6.mcu.externaltools.arm-none.win32_1.17.0.201812190825/tools/compiler/bin/../lib/gcc/arm-none-eabi/7.3.1/../../../../arm-none-eabi/lib/thumb/v7-m\libc.a(lib_a-__call_atexit.o) (__libc_fini_array)
d:/software/compiler/workbench/plugins/fr.ac6.mcu.externaltools.arm-none.win32_1.17.0.201812190825/tools/compiler/bin/../lib/gcc/arm-none-eabi/7.3.1/../../../../arm-none-eabi/lib/thumb/v7-m\libc.a(lib_a-lock.o)
                              d:/software/compiler/workbench/plugins/fr.ac6.mcu.externaltools.arm-none.win32_1.17.0.201812190825/tools/compiler/bin/../lib/gcc/arm-none-eabi/7.3.1/../../../../arm-none-eabi/lib/thumb/v7-m\libc.a(lib_a-__call_atexit.o) (__retarget_lock_acquire_recursive)
d:/software/compiler/workbench/plugins/fr.ac6.mcu.externaltools.arm-none.win32_1.17.0.201812190825/tools/compiler/bin/../lib/gcc/arm-none-eabi/7.3.1/../../../../arm-none-eabi/lib/thumb/v7-m\libc.a(lib_a-__atexit.o)
                              d:/software/compiler/workbench/plugins/fr.ac6.mcu.externaltools.arm-none.win32_1.17.0.201812190825/tools/compiler/bin/../lib/gcc/arm-none-eabi/7.3.1/../../../../arm-none-eabi/lib/thumb/v7-m\libc.a(lib_a-atexit.o) (__register_exitproc)

Allocating common symbols
Common symbol       size              file

CommBuffer          0xe               platform/comm/src/comm.o
__lock___atexit_recursive_mutex
                    0x1               d:/software/compiler/workbench/plugins/fr.ac6.mcu.externaltools.arm-none.win32_1.17.0.201812190825/tools/compiler/bin/../lib/gcc/arm-none-eabi/7.3.1/../../../../arm-none-eabi/lib/thumb/v7-m\libc.a(lib_a-lock.o)
SI_Rx_Frame         0xa               platform/serial_interface/src/serial_interface.o
__lock___arc4random_mutex
                    0x1               d:/software/compiler/workbench/plugins/fr.ac6.mcu.externaltools.arm-none.win32_1.17.0.201812190825/tools/compiler/bin/../lib/gcc/arm-none-eabi/7.3.1/../../../../arm-none-eabi/lib/thumb/v7-m\libc.a(lib_a-lock.o)
__lock___env_recursive_mutex
                    0x1               d:/software/compiler/workbench/plugins/fr.ac6.mcu.externaltools.arm-none.win32_1.17.0.201812190825/tools/compiler/bin/../lib/gcc/arm-none-eabi/7.3.1/../../../../arm-none-eabi/lib/thumb/v7-m\libc.a(lib_a-lock.o)
__lock___sinit_recursive_mutex
                    0x1               d:/software/compiler/workbench/plugins/fr.ac6.mcu.externaltools.arm-none.win32_1.17.0.201812190825/tools/compiler/bin/../lib/gcc/arm-none-eabi/7.3.1/../../../../arm-none-eabi/lib/thumb/v7-m\libc.a(lib_a-lock.o)
__lock___malloc_recursive_mutex
                    0x1               d:/software/compiler/workbench/plugins/fr.ac6.mcu.externaltools.arm-none.win32_1.17.0.201812190825/tools/compiler/bin/../lib/gcc/arm-none-eabi/7.3.1/../../../../arm-none-eabi/lib/thumb/v7-m\libc.a(lib_a-lock.o)
rx_callback         0xc               drv/uart/src/uart.o
__lock___at_quick_exit_mutex
                    0x1               d:/software/compiler/workbench/plugins/fr.ac6.mcu.externaltools.arm-none.win32_1.17.0.201812190825/tools/compiler/bin/../lib/gcc/arm-none-eabi/7.3.1/../../../../arm-none-eabi/lib/thumb/v7-m\libc.a(lib_a-lock.o)
__lock___dd_hash_mutex
                    0x1               d:/software/compiler/workbench/plugins/fr.ac6.mcu.externaltools.arm-none.win32_1.17.0.201812190825/tools/compiler/bin/../lib/gcc/arm-none-eabi/7.3.1/../../../../arm-none-eabi/lib/thumb/v7-m\libc.a(lib_a-lock.o)
__lock___tz_mutex   0x1               d:/software/compiler/workbench/plugins/fr.ac6.mcu.externaltools.arm-none.win32_1.17.0.201812190825/tools/compiler/bin/../lib/gcc/arm-none-eabi/7.3.1/../../../../arm-none-eabi/lib/thumb/v7-m\libc.a(lib_a-lock.o)
__lock___sfp_recursive_mutex
                    0x1               d:/software/compiler/workbench/plugins/fr.ac6.mcu.externaltools.arm-none.win32_1.17.0.201812190825/tools/compiler/bin/../lib/gcc/arm-none-eabi/7.3.1/../../../../arm-none-eabi/lib/thumb/v7-m\libc.a(lib_a-lock.o)

Discarded input sections

 .text          0x00000000        0x0 d:/software/compiler/workbench/plugins/fr.ac6.mcu.externaltools.arm-none.win32_1.17.0.201812190825/tools/compiler/bin/../lib/gcc/arm-none-eabi/7.3.1/thumb/v7-m/crti.o
 .data          0x00000000        0x0 d:/software/compiler/workbench/plugins/fr.ac6.mcu.externaltools.arm-none.win32_1.17.0.201812190825/tools/compiler/bin/../lib/gcc/arm-none-eabi/7.3.1/thumb/v7-m/crti.o
 .bss           0x00000000        0x0 d:/software/compiler/workbench/plugins/fr.ac6.mcu.externaltools.arm-none.win32_1.17.0.201812190825/tools/compiler/bin/../lib/gcc/arm-none-eabi/7.3.1/thumb/v7-m/crti.o
 .data          0x00000000        0x4 d:/software/compiler/workbench/plugins/fr.ac6.mcu.externaltools.arm-none.win32_1.17.0.201812190825/tools/compiler/bin/../lib/gcc/arm-none-eabi/7.3.1/thumb/v7-m/crtbegin.o
 .text          0x00000000       0x74 d:/software/compiler/workbench/plugins/fr.ac6.mcu.externaltools.arm-none.win32_1.17.0.201812190825/tools/compiler/bin/../lib/gcc/arm-none-eabi/7.3.1/../../../../arm-none-eabi/lib/thumb/v7-m/crt0.o
 .data          0x00000000        0x0 d:/software/compiler/workbench/plugins/fr.ac6.mcu.externaltools.arm-none.win32_1.17.0.201812190825/tools/compiler/bin/../lib/gcc/arm-none-eabi/7.3.1/../../../../arm-none-eabi/lib/thumb/v7-m/crt0.o
 .bss           0x00000000        0x0 d:/software/compiler/workbench/plugins/fr.ac6.mcu.externaltools.arm-none.win32_1.17.0.201812190825/tools/compiler/bin/../lib/gcc/arm-none-eabi/7.3.1/../../../../arm-none-eabi/lib/thumb/v7-m/crt0.o
 .ARM.extab     0x00000000        0x0 d:/software/compiler/workbench/plugins/fr.ac6.mcu.externaltools.arm-none.win32_1.17.0.201812190825/tools/compiler/bin/../lib/gcc/arm-none-eabi/7.3.1/../../../../arm-none-eabi/lib/thumb/v7-m/crt0.o
 .ARM.exidx     0x00000000        0x8 d:/software/compiler/workbench/plugins/fr.ac6.mcu.externaltools.arm-none.win32_1.17.0.201812190825/tools/compiler/bin/../lib/gcc/arm-none-eabi/7.3.1/../../../../arm-none-eabi/lib/thumb/v7-m/crt0.o
 .ARM.attributes
                0x00000000       0x1b d:/software/compiler/workbench/plugins/fr.ac6.mcu.externaltools.arm-none.win32_1.17.0.201812190825/tools/compiler/bin/../lib/gcc/arm-none-eabi/7.3.1/../../../../arm-none-eabi/lib/thumb/v7-m/crt0.o
 .text          0x00000000       0x14 app/sys/src/startup_stm32.o
 .data          0x00000000        0x0 app/sys/src/startup_stm32.o
 .bss           0x00000000        0x0 app/sys/src/startup_stm32.o
 .group         0x00000000        0xc app/sys/src/sys.o
 .group         0x00000000        0xc app/sys/src/sys.o
 .group         0x00000000        0xc app/sys/src/sys.o
 .group         0x00000000        0xc app/sys/src/sys.o
 .group         0x00000000        0xc app/sys/src/sys.o
 .group         0x00000000        0xc app/sys/src/sys.o
 .group         0x00000000        0xc app/sys/src/sys.o
 .group         0x00000000        0xc app/sys/src/sys.o
 .group         0x00000000        0xc app/sys/src/sys.o
 .group         0x00000000        0xc app/sys/src/sys.o
 .group         0x00000000        0xc app/sys/src/sys.o
 .group         0x00000000        0xc app/sys/src/sys.o
 .group         0x00000000        0xc app/sys/src/sys.o
 .group         0x00000000        0xc app/sys/src/sys.o
 .group         0x00000000        0xc app/sys/src/sys.o
 .group         0x00000000        0xc app/sys/src/sys.o
 .group         0x00000000        0xc app/sys/src/sys.o
 .group         0x00000000        0xc app/sys/src/sys.o
 .group         0x00000000        0xc app/sys/src/sys.o
 .group         0x00000000        0xc app/sys/src/sys.o
 .group         0x00000000        0xc app/sys/src/sys.o
 .group         0x00000000        0xc app/sys/src/sys.o
 .group         0x00000000        0xc app/sys/src/sys.o
 .group         0x00000000        0xc app/sys/src/sys.o
 .group         0x00000000        0xc app/sys/src/sys.o
 .group         0x00000000        0xc app/sys/src/sys.o
 .group         0x00000000        0xc app/sys/src/sys.o
 .group         0x00000000        0xc app/sys/src/sys.o
 .group         0x00000000        0xc app/sys/src/sys.o
 .group         0x00000000        0xc app/sys/src/sys.o
 .group         0x00000000        0xc app/sys/src/sys.o
 .group         0x00000000        0xc app/sys/src/sys.o
 .text          0x00000000        0x0 app/sys/src/sys.o
 .data          0x00000000        0x0 app/sys/src/sys.o
 .bss           0x00000000        0x0 app/sys/src/sys.o
 .group         0x00000000        0xc app/sys/src/sysmem.o
 .group         0x00000000        0xc app/sys/src/sysmem.o
 .group         0x00000000        0xc app/sys/src/sysmem.o
 .group         0x00000000        0xc app/sys/src/sysmem.o
 .group         0x00000000        0xc app/sys/src/sysmem.o
 .group         0x00000000        0xc app/sys/src/sysmem.o
 .group         0x00000000        0xc app/sys/src/sysmem.o
 .group         0x00000000        0xc app/sys/src/sysmem.o
 .group         0x00000000        0xc app/sys/src/sysmem.o
 .group         0x00000000        0xc app/sys/src/sysmem.o
 .group         0x00000000        0xc app/sys/src/sysmem.o
 .group         0x00000000        0xc app/sys/src/sysmem.o
 .group         0x00000000        0xc app/sys/src/sysmem.o
 .group         0x00000000        0xc app/sys/src/sysmem.o
 .group         0x00000000        0xc app/sys/src/sysmem.o
 .group         0x00000000        0xc app/sys/src/sysmem.o
 .group         0x00000000        0xc app/sys/src/sysmem.o
 .group         0x00000000        0xc app/sys/src/sysmem.o
 .group         0x00000000        0xc app/sys/src/sysmem.o
 .group         0x00000000        0xc app/sys/src/sysmem.o
 .group         0x00000000        0xc app/sys/src/sysmem.o
 .group         0x00000000        0xc app/sys/src/sysmem.o
 .group         0x00000000        0xc app/sys/src/sysmem.o
 .group         0x00000000        0xc app/sys/src/sysmem.o
 .group         0x00000000        0xc app/sys/src/sysmem.o
 .group         0x00000000        0xc app/sys/src/sysmem.o
 .group         0x00000000        0xc app/sys/src/sysmem.o
 .group         0x00000000        0xc app/sys/src/sysmem.o
 .group         0x00000000        0xc app/sys/src/sysmem.o
 .group         0x00000000        0xc app/sys/src/sysmem.o
 .group         0x00000000        0xc app/sys/src/sysmem.o
 .group         0x00000000        0xc app/sys/src/sysmem.o
 .text          0x00000000        0x0 app/sys/src/sysmem.o
 .data          0x00000000        0x0 app/sys/src/sysmem.o
 .bss           0x00000000        0x4 app/sys/src/sysmem.o
 .text._sbrk    0x00000000       0x58 app/sys/src/sysmem.o
 .debug_info    0x00000000      0x92c app/sys/src/sysmem.o
 .debug_abbrev  0x00000000      0x1f1 app/sys/src/sysmem.o
 .debug_aranges
                0x00000000       0x20 app/sys/src/sysmem.o
 .debug_ranges  0x00000000       0x10 app/sys/src/sysmem.o
 .debug_macro   0x00000000      0x1ae app/sys/src/sysmem.o
 .debug_macro   0x00000000      0xa60 app/sys/src/sysmem.o
 .debug_macro   0x00000000       0x10 app/sys/src/sysmem.o
 .debug_macro   0x00000000       0x22 app/sys/src/sysmem.o
 .debug_macro   0x00000000       0x58 app/sys/src/sysmem.o
 .debug_macro   0x00000000       0x18 app/sys/src/sysmem.o
 .debug_macro   0x00000000       0x94 app/sys/src/sysmem.o
 .debug_macro   0x00000000       0x35 app/sys/src/sysmem.o
 .debug_macro   0x00000000       0x34 app/sys/src/sysmem.o
 .debug_macro   0x00000000      0x174 app/sys/src/sysmem.o
 .debug_macro   0x00000000       0x57 app/sys/src/sysmem.o
 .debug_macro   0x00000000       0x58 app/sys/src/sysmem.o
 .debug_macro   0x00000000       0x1f app/sys/src/sysmem.o
 .debug_macro   0x00000000       0x43 app/sys/src/sysmem.o
 .debug_macro   0x00000000       0x20 app/sys/src/sysmem.o
 .debug_macro   0x00000000      0x18e app/sys/src/sysmem.o
 .debug_macro   0x00000000      0x23b app/sys/src/sysmem.o
 .debug_macro   0x00000000       0x16 app/sys/src/sysmem.o
 .debug_macro   0x00000000       0x35 app/sys/src/sysmem.o
 .debug_macro   0x00000000      0x330 app/sys/src/sysmem.o
 .debug_macro   0x00000000       0x10 app/sys/src/sysmem.o
 .debug_macro   0x00000000       0x10 app/sys/src/sysmem.o
 .debug_macro   0x00000000       0x6a app/sys/src/sysmem.o
 .debug_macro   0x00000000       0x1c app/sys/src/sysmem.o
 .debug_macro   0x00000000       0x52 app/sys/src/sysmem.o
 .debug_macro   0x00000000       0x40 app/sys/src/sysmem.o
 .debug_macro   0x00000000       0x10 app/sys/src/sysmem.o
 .debug_macro   0x00000000       0x40 app/sys/src/sysmem.o
 .debug_macro   0x00000000       0xd7 app/sys/src/sysmem.o
 .debug_macro   0x00000000       0x1c app/sys/src/sysmem.o
 .debug_macro   0x00000000       0x3d app/sys/src/sysmem.o
 .debug_macro   0x00000000       0x16 app/sys/src/sysmem.o
 .debug_macro   0x00000000      0x16f app/sys/src/sysmem.o
 .debug_line    0x00000000      0x40a app/sys/src/sysmem.o
 .debug_str     0x00000000     0x7791 app/sys/src/sysmem.o
 .comment       0x00000000       0x80 app/sys/src/sysmem.o
 .debug_frame   0x00000000       0x34 app/sys/src/sysmem.o
 .ARM.attributes
                0x00000000       0x33 app/sys/src/sysmem.o
 .group         0x00000000        0xc drv/clock/src/clock.o
 .group         0x00000000        0xc drv/clock/src/clock.o
 .group         0x00000000        0xc drv/clock/src/clock.o
 .group         0x00000000        0xc drv/clock/src/clock.o
 .group         0x00000000        0xc drv/clock/src/clock.o
 .group         0x00000000        0xc drv/clock/src/clock.o
 .group         0x00000000        0xc drv/clock/src/clock.o
 .group         0x00000000        0xc drv/clock/src/clock.o
 .group         0x00000000        0xc drv/clock/src/clock.o
 .group         0x00000000        0xc drv/clock/src/clock.o
 .group         0x00000000        0xc drv/clock/src/clock.o
 .group         0x00000000        0xc drv/clock/src/clock.o
 .group         0x00000000        0xc drv/clock/src/clock.o
 .group         0x00000000        0xc drv/clock/src/clock.o
 .group         0x00000000        0xc drv/clock/src/clock.o
 .group         0x00000000        0xc drv/clock/src/clock.o
 .group         0x00000000        0xc drv/clock/src/clock.o
 .group         0x00000000        0xc drv/clock/src/clock.o
 .group         0x00000000        0xc drv/clock/src/clock.o
 .group         0x00000000        0xc drv/clock/src/clock.o
 .group         0x00000000        0xc drv/clock/src/clock.o
 .group         0x00000000        0xc drv/clock/src/clock.o
 .group         0x00000000        0xc drv/clock/src/clock.o
 .group         0x00000000        0xc drv/clock/src/clock.o
 .group         0x00000000        0xc drv/clock/src/clock.o
 .group         0x00000000        0xc drv/clock/src/clock.o
 .group         0x00000000        0xc drv/clock/src/clock.o
 .group         0x00000000        0xc drv/clock/src/clock.o
 .group         0x00000000        0xc drv/clock/src/clock.o
 .group         0x00000000        0xc drv/clock/src/clock.o
 .group         0x00000000        0xc drv/clock/src/clock.o
 .group         0x00000000        0xc drv/clock/src/clock.o
 .text          0x00000000        0x0 drv/clock/src/clock.o
 .bss           0x00000000        0x0 drv/clock/src/clock.o
 .debug_macro   0x00000000      0xa60 drv/clock/src/clock.o
 .debug_macro   0x00000000       0x2e drv/clock/src/clock.o
 .debug_macro   0x00000000       0x22 drv/clock/src/clock.o
 .debug_macro   0x00000000       0x8e drv/clock/src/clock.o
 .debug_macro   0x00000000       0x51 drv/clock/src/clock.o
 .debug_macro   0x00000000       0xef drv/clock/src/clock.o
 .debug_macro   0x00000000       0x6a drv/clock/src/clock.o
 .debug_macro   0x00000000      0x1df drv/clock/src/clock.o
 .debug_macro   0x00000000       0x5e drv/clock/src/clock.o
 .debug_macro   0x00000000       0x18 drv/clock/src/clock.o
 .debug_macro   0x00000000       0x35 drv/clock/src/clock.o
 .debug_macro   0x00000000       0x34 drv/clock/src/clock.o
 .debug_macro   0x00000000      0x174 drv/clock/src/clock.o
 .debug_macro   0x00000000       0x58 drv/clock/src/clock.o
 .debug_macro   0x00000000       0x1f drv/clock/src/clock.o
 .debug_macro   0x00000000       0x43 drv/clock/src/clock.o
 .debug_macro   0x00000000       0x20 drv/clock/src/clock.o
 .debug_macro   0x00000000      0x18e drv/clock/src/clock.o
 .debug_macro   0x00000000      0x330 drv/clock/src/clock.o
 .debug_macro   0x00000000       0x10 drv/clock/src/clock.o
 .debug_macro   0x00000000       0x35 drv/clock/src/clock.o
 .debug_macro   0x00000000       0x16 drv/clock/src/clock.o
 .debug_macro   0x00000000       0x63 drv/clock/src/clock.o
 .debug_macro   0x00000000       0x1c drv/clock/src/clock.o
 .debug_macro   0x00000000       0x22 drv/clock/src/clock.o
 .debug_macro   0x00000000       0xbd drv/clock/src/clock.o
 .debug_macro   0x00000000      0xd23 drv/clock/src/clock.o
 .debug_macro   0x00000000     0x7ee4 drv/clock/src/clock.o
 .debug_macro   0x00000000      0x112 drv/clock/src/clock.o
 .debug_macro   0x00000000       0x1c drv/clock/src/clock.o
 .debug_macro   0x00000000       0x9a drv/clock/src/clock.o
 .group         0x00000000        0xc drv/core/src/core.o
 .group         0x00000000        0xc drv/core/src/core.o
 .group         0x00000000        0xc drv/core/src/core.o
 .group         0x00000000        0xc drv/core/src/core.o
 .group         0x00000000        0xc drv/core/src/core.o
 .group         0x00000000        0xc drv/core/src/core.o
 .group         0x00000000        0xc drv/core/src/core.o
 .group         0x00000000        0xc drv/core/src/core.o
 .group         0x00000000        0xc drv/core/src/core.o
 .group         0x00000000        0xc drv/core/src/core.o
 .group         0x00000000        0xc drv/core/src/core.o
 .group         0x00000000        0xc drv/core/src/core.o
 .group         0x00000000        0xc drv/core/src/core.o
 .group         0x00000000        0xc drv/core/src/core.o
 .group         0x00000000        0xc drv/core/src/core.o
 .group         0x00000000        0xc drv/core/src/core.o
 .group         0x00000000        0xc drv/core/src/core.o
 .group         0x00000000        0xc drv/core/src/core.o
 .group         0x00000000        0xc drv/core/src/core.o
 .group         0x00000000        0xc drv/core/src/core.o
 .group         0x00000000        0xc drv/core/src/core.o
 .group         0x00000000        0xc drv/core/src/core.o
 .group         0x00000000        0xc drv/core/src/core.o
 .group         0x00000000        0xc drv/core/src/core.o
 .group         0x00000000        0xc drv/core/src/core.o
 .group         0x00000000        0xc drv/core/src/core.o
 .group         0x00000000        0xc drv/core/src/core.o
 .group         0x00000000        0xc drv/core/src/core.o
 .group         0x00000000        0xc drv/core/src/core.o
 .group         0x00000000        0xc drv/core/src/core.o
 .group         0x00000000        0xc drv/core/src/core.o
 .text          0x00000000        0x0 drv/core/src/core.o
 .data          0x00000000        0x4 drv/core/src/core.o
 .bss           0x00000000        0x0 drv/core/src/core.o
 .text.CortexM3_Init
                0x00000000        0xc drv/core/src/core.o
 .debug_macro   0x00000000      0xa60 drv/core/src/core.o
 .debug_macro   0x00000000       0x2e drv/core/src/core.o
 .debug_macro   0x00000000       0x22 drv/core/src/core.o
 .debug_macro   0x00000000       0x8e drv/core/src/core.o
 .debug_macro   0x00000000       0x51 drv/core/src/core.o
 .debug_macro   0x00000000       0xef drv/core/src/core.o
 .debug_macro   0x00000000       0x6a drv/core/src/core.o
 .debug_macro   0x00000000      0x1df drv/core/src/core.o
 .debug_macro   0x00000000       0x5e drv/core/src/core.o
 .debug_macro   0x00000000       0x18 drv/core/src/core.o
 .debug_macro   0x00000000       0x35 drv/core/src/core.o
 .debug_macro   0x00000000       0x34 drv/core/src/core.o
 .debug_macro   0x00000000      0x174 drv/core/src/core.o
 .debug_macro   0x00000000       0x58 drv/core/src/core.o
 .debug_macro   0x00000000       0x1f drv/core/src/core.o
 .debug_macro   0x00000000       0x43 drv/core/src/core.o
 .debug_macro   0x00000000       0x20 drv/core/src/core.o
 .debug_macro   0x00000000      0x18e drv/core/src/core.o
 .debug_macro   0x00000000      0x330 drv/core/src/core.o
 .debug_macro   0x00000000       0x10 drv/core/src/core.o
 .debug_macro   0x00000000       0x35 drv/core/src/core.o
 .debug_macro   0x00000000       0x16 drv/core/src/core.o
 .debug_macro   0x00000000       0x63 drv/core/src/core.o
 .debug_macro   0x00000000       0x1c drv/core/src/core.o
 .debug_macro   0x00000000       0x22 drv/core/src/core.o
 .debug_macro   0x00000000       0xbd drv/core/src/core.o
 .debug_macro   0x00000000      0xd23 drv/core/src/core.o
 .debug_macro   0x00000000     0x7ee4 drv/core/src/core.o
 .debug_macro   0x00000000      0x112 drv/core/src/core.o
 .debug_macro   0x00000000       0x1c drv/core/src/core.o
 .debug_macro   0x00000000       0x9a drv/core/src/core.o
 .group         0x00000000        0xc drv/gpio/src/gpio.o
 .group         0x00000000        0xc drv/gpio/src/gpio.o
 .group         0x00000000        0xc drv/gpio/src/gpio.o
 .group         0x00000000        0xc drv/gpio/src/gpio.o
 .group         0x00000000        0xc drv/gpio/src/gpio.o
 .group         0x00000000        0xc drv/gpio/src/gpio.o
 .group         0x00000000        0xc drv/gpio/src/gpio.o
 .group         0x00000000        0xc drv/gpio/src/gpio.o
 .group         0x00000000        0xc drv/gpio/src/gpio.o
 .group         0x00000000        0xc drv/gpio/src/gpio.o
 .group         0x00000000        0xc drv/gpio/src/gpio.o
 .group         0x00000000        0xc drv/gpio/src/gpio.o
 .group         0x00000000        0xc drv/gpio/src/gpio.o
 .group         0x00000000        0xc drv/gpio/src/gpio.o
 .group         0x00000000        0xc drv/gpio/src/gpio.o
 .group         0x00000000        0xc drv/gpio/src/gpio.o
 .group         0x00000000        0xc drv/gpio/src/gpio.o
 .group         0x00000000        0xc drv/gpio/src/gpio.o
 .group         0x00000000        0xc drv/gpio/src/gpio.o
 .group         0x00000000        0xc drv/gpio/src/gpio.o
 .group         0x00000000        0xc drv/gpio/src/gpio.o
 .group         0x00000000        0xc drv/gpio/src/gpio.o
 .group         0x00000000        0xc drv/gpio/src/gpio.o
 .group         0x00000000        0xc drv/gpio/src/gpio.o
 .group         0x00000000        0xc drv/gpio/src/gpio.o
 .group         0x00000000        0xc drv/gpio/src/gpio.o
 .group         0x00000000        0xc drv/gpio/src/gpio.o
 .group         0x00000000        0xc drv/gpio/src/gpio.o
 .group         0x00000000        0xc drv/gpio/src/gpio.o
 .group         0x00000000        0xc drv/gpio/src/gpio.o
 .group         0x00000000        0xc drv/gpio/src/gpio.o
 .text          0x00000000        0x0 drv/gpio/src/gpio.o
 .data          0x00000000        0x0 drv/gpio/src/gpio.o
 .bss           0x00000000        0x0 drv/gpio/src/gpio.o
 .text.GPIO_Init
                0x00000000       0x62 drv/gpio/src/gpio.o
 .text.GPIO_Read
                0x00000000       0x44 drv/gpio/src/gpio.o
 .text.GPIO_Write
                0x00000000       0x60 drv/gpio/src/gpio.o
 .text.GPIO_Toggle
                0x00000000       0x3c drv/gpio/src/gpio.o
 .text.GPIO_Enable_Int
                0x00000000       0x18 drv/gpio/src/gpio.o
 .text.GPIO_Disable_Int
                0x00000000       0x18 drv/gpio/src/gpio.o
 .debug_macro   0x00000000      0xa60 drv/gpio/src/gpio.o
 .debug_macro   0x00000000       0x2e drv/gpio/src/gpio.o
 .debug_macro   0x00000000       0x22 drv/gpio/src/gpio.o
 .debug_macro   0x00000000       0x8e drv/gpio/src/gpio.o
 .debug_macro   0x00000000       0x51 drv/gpio/src/gpio.o
 .debug_macro   0x00000000       0xef drv/gpio/src/gpio.o
 .debug_macro   0x00000000       0x6a drv/gpio/src/gpio.o
 .debug_macro   0x00000000      0x1df drv/gpio/src/gpio.o
 .debug_macro   0x00000000       0x5e drv/gpio/src/gpio.o
 .debug_macro   0x00000000       0x18 drv/gpio/src/gpio.o
 .debug_macro   0x00000000       0x35 drv/gpio/src/gpio.o
 .debug_macro   0x00000000       0x34 drv/gpio/src/gpio.o
 .debug_macro   0x00000000      0x174 drv/gpio/src/gpio.o
 .debug_macro   0x00000000       0x58 drv/gpio/src/gpio.o
 .debug_macro   0x00000000       0x1f drv/gpio/src/gpio.o
 .debug_macro   0x00000000       0x43 drv/gpio/src/gpio.o
 .debug_macro   0x00000000       0x20 drv/gpio/src/gpio.o
 .debug_macro   0x00000000      0x18e drv/gpio/src/gpio.o
 .debug_macro   0x00000000      0x330 drv/gpio/src/gpio.o
 .debug_macro   0x00000000       0x10 drv/gpio/src/gpio.o
 .debug_macro   0x00000000       0x35 drv/gpio/src/gpio.o
 .debug_macro   0x00000000       0x16 drv/gpio/src/gpio.o
 .debug_macro   0x00000000       0x63 drv/gpio/src/gpio.o
 .debug_macro   0x00000000       0x1c drv/gpio/src/gpio.o
 .debug_macro   0x00000000       0x22 drv/gpio/src/gpio.o
 .debug_macro   0x00000000       0xbd drv/gpio/src/gpio.o
 .debug_macro   0x00000000      0xd23 drv/gpio/src/gpio.o
 .debug_macro   0x00000000     0x7ee4 drv/gpio/src/gpio.o
 .debug_macro   0x00000000      0x112 drv/gpio/src/gpio.o
 .debug_macro   0x00000000       0x1c drv/gpio/src/gpio.o
 .debug_macro   0x00000000       0x9a drv/gpio/src/gpio.o
 .group         0x00000000        0xc drv/uart/src/uart.o
 .group         0x00000000        0xc drv/uart/src/uart.o
 .group         0x00000000        0xc drv/uart/src/uart.o
 .group         0x00000000        0xc drv/uart/src/uart.o
 .group         0x00000000        0xc drv/uart/src/uart.o
 .group         0x00000000        0xc drv/uart/src/uart.o
 .group         0x00000000        0xc drv/uart/src/uart.o
 .group         0x00000000        0xc drv/uart/src/uart.o
 .group         0x00000000        0xc drv/uart/src/uart.o
 .group         0x00000000        0xc drv/uart/src/uart.o
 .group         0x00000000        0xc drv/uart/src/uart.o
 .group         0x00000000        0xc drv/uart/src/uart.o
 .group         0x00000000        0xc drv/uart/src/uart.o
 .group         0x00000000        0xc drv/uart/src/uart.o
 .group         0x00000000        0xc drv/uart/src/uart.o
 .group         0x00000000        0xc drv/uart/src/uart.o
 .group         0x00000000        0xc drv/uart/src/uart.o
 .group         0x00000000        0xc drv/uart/src/uart.o
 .group         0x00000000        0xc drv/uart/src/uart.o
 .group         0x00000000        0xc drv/uart/src/uart.o
 .group         0x00000000        0xc drv/uart/src/uart.o
 .group         0x00000000        0xc drv/uart/src/uart.o
 .group         0x00000000        0xc drv/uart/src/uart.o
 .group         0x00000000        0xc drv/uart/src/uart.o
 .group         0x00000000        0xc drv/uart/src/uart.o
 .group         0x00000000        0xc drv/uart/src/uart.o
 .group         0x00000000        0xc drv/uart/src/uart.o
 .group         0x00000000        0xc drv/uart/src/uart.o
 .group         0x00000000        0xc drv/uart/src/uart.o
 .group         0x00000000        0xc drv/uart/src/uart.o
 .group         0x00000000        0xc drv/uart/src/uart.o
 .text          0x00000000        0x0 drv/uart/src/uart.o
 .data          0x00000000        0x0 drv/uart/src/uart.o
 .text.UART_Params_Init
                0x00000000       0x44 drv/uart/src/uart.o
 .text.UART_ReleaseConfig
                0x00000000       0x38 drv/uart/src/uart.o
 .text.UART_Close
                0x00000000       0x54 drv/uart/src/uart.o
 .text.UART_TxByte
                0x00000000       0x38 drv/uart/src/uart.o
 .text.UART_TxString
                0x00000000       0x3a drv/uart/src/uart.o
 .text.UART_TxCancel
                0x00000000       0x12 drv/uart/src/uart.o
 .text.UART_Read
                0x00000000       0x44 drv/uart/src/uart.o
 .text.UART_Read_Polling
                0x00000000       0x12 drv/uart/src/uart.o
 .debug_macro   0x00000000      0xa60 drv/uart/src/uart.o
 .debug_macro   0x00000000       0x2e drv/uart/src/uart.o
 .debug_macro   0x00000000       0x22 drv/uart/src/uart.o
 .debug_macro   0x00000000       0x8e drv/uart/src/uart.o
 .debug_macro   0x00000000       0x51 drv/uart/src/uart.o
 .debug_macro   0x00000000       0xef drv/uart/src/uart.o
 .debug_macro   0x00000000       0x6a drv/uart/src/uart.o
 .debug_macro   0x00000000      0x1df drv/uart/src/uart.o
 .debug_macro   0x00000000       0x5e drv/uart/src/uart.o
 .debug_macro   0x00000000       0x18 drv/uart/src/uart.o
 .debug_macro   0x00000000       0x35 drv/uart/src/uart.o
 .debug_macro   0x00000000       0x34 drv/uart/src/uart.o
 .debug_macro   0x00000000      0x174 drv/uart/src/uart.o
 .debug_macro   0x00000000       0x58 drv/uart/src/uart.o
 .debug_macro   0x00000000       0x1f drv/uart/src/uart.o
 .debug_macro   0x00000000       0x43 drv/uart/src/uart.o
 .debug_macro   0x00000000       0x20 drv/uart/src/uart.o
 .debug_macro   0x00000000      0x18e drv/uart/src/uart.o
 .debug_macro   0x00000000      0x330 drv/uart/src/uart.o
 .debug_macro   0x00000000       0x10 drv/uart/src/uart.o
 .debug_macro   0x00000000       0x35 drv/uart/src/uart.o
 .debug_macro   0x00000000       0x16 drv/uart/src/uart.o
 .debug_macro   0x00000000       0x63 drv/uart/src/uart.o
 .debug_macro   0x00000000       0x1c drv/uart/src/uart.o
 .debug_macro   0x00000000       0x22 drv/uart/src/uart.o
 .debug_macro   0x00000000       0xbd drv/uart/src/uart.o
 .debug_macro   0x00000000      0xd23 drv/uart/src/uart.o
 .debug_macro   0x00000000     0x7ee4 drv/uart/src/uart.o
 .debug_macro   0x00000000      0x112 drv/uart/src/uart.o
 .debug_macro   0x00000000       0x1c drv/uart/src/uart.o
 .debug_macro   0x00000000       0x9a drv/uart/src/uart.o
 .group         0x00000000        0xc myLib/queue/src/queue_static.o
 .group         0x00000000        0xc myLib/queue/src/queue_static.o
 .group         0x00000000        0xc myLib/queue/src/queue_static.o
 .group         0x00000000        0xc myLib/queue/src/queue_static.o
 .group         0x00000000        0xc myLib/queue/src/queue_static.o
 .group         0x00000000        0xc myLib/queue/src/queue_static.o
 .group         0x00000000        0xc myLib/queue/src/queue_static.o
 .group         0x00000000        0xc myLib/queue/src/queue_static.o
 .text          0x00000000        0x0 myLib/queue/src/queue_static.o
 .data          0x00000000        0x0 myLib/queue/src/queue_static.o
 .bss           0x00000000        0x0 myLib/queue/src/queue_static.o
 .text.MyStaticQueue_Peek
                0x00000000       0x3c myLib/queue/src/queue_static.o
 .debug_macro   0x00000000      0xa60 myLib/queue/src/queue_static.o
 .debug_macro   0x00000000       0x22 myLib/queue/src/queue_static.o
 .debug_macro   0x00000000       0x8e myLib/queue/src/queue_static.o
 .debug_macro   0x00000000       0x51 myLib/queue/src/queue_static.o
 .debug_macro   0x00000000       0xef myLib/queue/src/queue_static.o
 .debug_macro   0x00000000       0x6a myLib/queue/src/queue_static.o
 .debug_macro   0x00000000      0x1df myLib/queue/src/queue_static.o
 .debug_macro   0x00000000       0x16 myLib/queue/src/queue_static.o
 .group         0x00000000        0xc platform/comm/src/comm.o
 .group         0x00000000        0xc platform/comm/src/comm.o
 .group         0x00000000        0xc platform/comm/src/comm.o
 .group         0x00000000        0xc platform/comm/src/comm.o
 .group         0x00000000        0xc platform/comm/src/comm.o
 .group         0x00000000        0xc platform/comm/src/comm.o
 .group         0x00000000        0xc platform/comm/src/comm.o
 .group         0x00000000        0xc platform/comm/src/comm.o
 .group         0x00000000        0xc platform/comm/src/comm.o
 .group         0x00000000        0xc platform/comm/src/comm.o
 .group         0x00000000        0xc platform/comm/src/comm.o
 .group         0x00000000        0xc platform/comm/src/comm.o
 .group         0x00000000        0xc platform/comm/src/comm.o
 .group         0x00000000        0xc platform/comm/src/comm.o
 .group         0x00000000        0xc platform/comm/src/comm.o
 .group         0x00000000        0xc platform/comm/src/comm.o
 .group         0x00000000        0xc platform/comm/src/comm.o
 .group         0x00000000        0xc platform/comm/src/comm.o
 .group         0x00000000        0xc platform/comm/src/comm.o
 .group         0x00000000        0xc platform/comm/src/comm.o
 .group         0x00000000        0xc platform/comm/src/comm.o
 .group         0x00000000        0xc platform/comm/src/comm.o
 .group         0x00000000        0xc platform/comm/src/comm.o
 .group         0x00000000        0xc platform/comm/src/comm.o
 .group         0x00000000        0xc platform/comm/src/comm.o
 .group         0x00000000        0xc platform/comm/src/comm.o
 .group         0x00000000        0xc platform/comm/src/comm.o
 .group         0x00000000        0xc platform/comm/src/comm.o
 .group         0x00000000        0xc platform/comm/src/comm.o
 .group         0x00000000        0xc platform/comm/src/comm.o
 .group         0x00000000        0xc platform/comm/src/comm.o
 .group         0x00000000        0xc platform/comm/src/comm.o
 .text          0x00000000        0x0 platform/comm/src/comm.o
 .data          0x00000000        0x0 platform/comm/src/comm.o
 .debug_macro   0x00000000      0xa60 platform/comm/src/comm.o
 .debug_macro   0x00000000       0x2e platform/comm/src/comm.o
 .debug_macro   0x00000000       0x22 platform/comm/src/comm.o
 .debug_macro   0x00000000       0x8e platform/comm/src/comm.o
 .debug_macro   0x00000000       0x51 platform/comm/src/comm.o
 .debug_macro   0x00000000       0xef platform/comm/src/comm.o
 .debug_macro   0x00000000       0x6a platform/comm/src/comm.o
 .debug_macro   0x00000000      0x1df platform/comm/src/comm.o
 .debug_macro   0x00000000       0x5e platform/comm/src/comm.o
 .debug_macro   0x00000000       0x18 platform/comm/src/comm.o
 .debug_macro   0x00000000       0x35 platform/comm/src/comm.o
 .debug_macro   0x00000000       0x34 platform/comm/src/comm.o
 .debug_macro   0x00000000      0x174 platform/comm/src/comm.o
 .debug_macro   0x00000000       0x58 platform/comm/src/comm.o
 .debug_macro   0x00000000       0x1f platform/comm/src/comm.o
 .debug_macro   0x00000000       0x43 platform/comm/src/comm.o
 .debug_macro   0x00000000       0x20 platform/comm/src/comm.o
 .debug_macro   0x00000000      0x18e platform/comm/src/comm.o
 .debug_macro   0x00000000      0x330 platform/comm/src/comm.o
 .debug_macro   0x00000000       0x10 platform/comm/src/comm.o
 .debug_macro   0x00000000       0x35 platform/comm/src/comm.o
 .debug_macro   0x00000000       0x16 platform/comm/src/comm.o
 .debug_macro   0x00000000       0x63 platform/comm/src/comm.o
 .debug_macro   0x00000000       0x1c platform/comm/src/comm.o
 .debug_macro   0x00000000       0x22 platform/comm/src/comm.o
 .debug_macro   0x00000000       0xbd platform/comm/src/comm.o
 .debug_macro   0x00000000      0xd23 platform/comm/src/comm.o
 .debug_macro   0x00000000     0x7ee4 platform/comm/src/comm.o
 .debug_macro   0x00000000      0x112 platform/comm/src/comm.o
 .debug_macro   0x00000000       0x1c platform/comm/src/comm.o
 .debug_macro   0x00000000       0x9a platform/comm/src/comm.o
 .debug_macro   0x00000000       0x1c platform/comm/src/comm.o
 .group         0x00000000        0xc platform/serial_interface/src/serial_interface.o
 .group         0x00000000        0xc platform/serial_interface/src/serial_interface.o
 .group         0x00000000        0xc platform/serial_interface/src/serial_interface.o
 .group         0x00000000        0xc platform/serial_interface/src/serial_interface.o
 .group         0x00000000        0xc platform/serial_interface/src/serial_interface.o
 .group         0x00000000        0xc platform/serial_interface/src/serial_interface.o
 .group         0x00000000        0xc platform/serial_interface/src/serial_interface.o
 .group         0x00000000        0xc platform/serial_interface/src/serial_interface.o
 .group         0x00000000        0xc platform/serial_interface/src/serial_interface.o
 .group         0x00000000        0xc platform/serial_interface/src/serial_interface.o
 .group         0x00000000        0xc platform/serial_interface/src/serial_interface.o
 .group         0x00000000        0xc platform/serial_interface/src/serial_interface.o
 .group         0x00000000        0xc platform/serial_interface/src/serial_interface.o
 .group         0x00000000        0xc platform/serial_interface/src/serial_interface.o
 .group         0x00000000        0xc platform/serial_interface/src/serial_interface.o
 .group         0x00000000        0xc platform/serial_interface/src/serial_interface.o
 .group         0x00000000        0xc platform/serial_interface/src/serial_interface.o
 .group         0x00000000        0xc platform/serial_interface/src/serial_interface.o
 .group         0x00000000        0xc platform/serial_interface/src/serial_interface.o
 .group         0x00000000        0xc platform/serial_interface/src/serial_interface.o
 .group         0x00000000        0xc platform/serial_interface/src/serial_interface.o
 .group         0x00000000        0xc platform/serial_interface/src/serial_interface.o
 .group         0x00000000        0xc platform/serial_interface/src/serial_interface.o
 .group         0x00000000        0xc platform/serial_interface/src/serial_interface.o
 .group         0x00000000        0xc platform/serial_interface/src/serial_interface.o
 .group         0x00000000        0xc platform/serial_interface/src/serial_interface.o
 .group         0x00000000        0xc platform/serial_interface/src/serial_interface.o
 .group         0x00000000        0xc platform/serial_interface/src/serial_interface.o
 .group         0x00000000        0xc platform/serial_interface/src/serial_interface.o
 .group         0x00000000        0xc platform/serial_interface/src/serial_interface.o
 .group         0x00000000        0xc platform/serial_interface/src/serial_interface.o
 .group         0x00000000        0xc platform/serial_interface/src/serial_interface.o
 .text          0x00000000        0x0 platform/serial_interface/src/serial_interface.o
 .data          0x00000000        0x0 platform/serial_interface/src/serial_interface.o
 .debug_macro   0x00000000      0xa60 platform/serial_interface/src/serial_interface.o
 .debug_macro   0x00000000       0x2e platform/serial_interface/src/serial_interface.o
 .debug_macro   0x00000000       0x22 platform/serial_interface/src/serial_interface.o
 .debug_macro   0x00000000       0x8e platform/serial_interface/src/serial_interface.o
 .debug_macro   0x00000000       0x51 platform/serial_interface/src/serial_interface.o
 .debug_macro   0x00000000       0xef platform/serial_interface/src/serial_interface.o
 .debug_macro   0x00000000       0x6a platform/serial_interface/src/serial_interface.o
 .debug_macro   0x00000000      0x1df platform/serial_interface/src/serial_interface.o
 .debug_macro   0x00000000       0x5e platform/serial_interface/src/serial_interface.o
 .debug_macro   0x00000000       0x18 platform/serial_interface/src/serial_interface.o
 .debug_macro   0x00000000       0x35 platform/serial_interface/src/serial_interface.o
 .debug_macro   0x00000000       0x34 platform/serial_interface/src/serial_interface.o
 .debug_macro   0x00000000      0x174 platform/serial_interface/src/serial_interface.o
 .debug_macro   0x00000000       0x58 platform/serial_interface/src/serial_interface.o
 .debug_macro   0x00000000       0x1f platform/serial_interface/src/serial_interface.o
 .debug_macro   0x00000000       0x43 platform/serial_interface/src/serial_interface.o
 .debug_macro   0x00000000       0x20 platform/serial_interface/src/serial_interface.o
 .debug_macro   0x00000000      0x18e platform/serial_interface/src/serial_interface.o
 .debug_macro   0x00000000      0x330 platform/serial_interface/src/serial_interface.o
 .debug_macro   0x00000000       0x10 platform/serial_interface/src/serial_interface.o
 .debug_macro   0x00000000       0x35 platform/serial_interface/src/serial_interface.o
 .debug_macro   0x00000000       0x16 platform/serial_interface/src/serial_interface.o
 .debug_macro   0x00000000       0x63 platform/serial_interface/src/serial_interface.o
 .debug_macro   0x00000000       0x1c platform/serial_interface/src/serial_interface.o
 .debug_macro   0x00000000       0x22 platform/serial_interface/src/serial_interface.o
 .debug_macro   0x00000000       0xbd platform/serial_interface/src/serial_interface.o
 .debug_macro   0x00000000      0xd23 platform/serial_interface/src/serial_interface.o
 .debug_macro   0x00000000     0x7ee4 platform/serial_interface/src/serial_interface.o
 .debug_macro   0x00000000      0x112 platform/serial_interface/src/serial_interface.o
 .debug_macro   0x00000000       0x1c platform/serial_interface/src/serial_interface.o
 .debug_macro   0x00000000       0x9a platform/serial_interface/src/serial_interface.o
 .debug_macro   0x00000000       0x1c platform/serial_interface/src/serial_interface.o
 .text          0x00000000        0x0 d:/software/compiler/workbench/plugins/fr.ac6.mcu.externaltools.arm-none.win32_1.17.0.201812190825/tools/compiler/bin/../lib/gcc/arm-none-eabi/7.3.1/../../../../arm-none-eabi/lib/thumb/v7-m\libc.a(lib_a-errno.o)
 .data          0x00000000        0x0 d:/software/compiler/workbench/plugins/fr.ac6.mcu.externaltools.arm-none.win32_1.17.0.201812190825/tools/compiler/bin/../lib/gcc/arm-none-eabi/7.3.1/../../../../arm-none-eabi/lib/thumb/v7-m\libc.a(lib_a-errno.o)
 .bss           0x00000000        0x0 d:/software/compiler/workbench/plugins/fr.ac6.mcu.externaltools.arm-none.win32_1.17.0.201812190825/tools/compiler/bin/../lib/gcc/arm-none-eabi/7.3.1/../../../../arm-none-eabi/lib/thumb/v7-m\libc.a(lib_a-errno.o)
 .text.__errno  0x00000000        0xc d:/software/compiler/workbench/plugins/fr.ac6.mcu.externaltools.arm-none.win32_1.17.0.201812190825/tools/compiler/bin/../lib/gcc/arm-none-eabi/7.3.1/../../../../arm-none-eabi/lib/thumb/v7-m\libc.a(lib_a-errno.o)
 .debug_frame   0x00000000       0x20 d:/software/compiler/workbench/plugins/fr.ac6.mcu.externaltools.arm-none.win32_1.17.0.201812190825/tools/compiler/bin/../lib/gcc/arm-none-eabi/7.3.1/../../../../arm-none-eabi/lib/thumb/v7-m\libc.a(lib_a-errno.o)
 .ARM.attributes
                0x00000000       0x2d d:/software/compiler/workbench/plugins/fr.ac6.mcu.externaltools.arm-none.win32_1.17.0.201812190825/tools/compiler/bin/../lib/gcc/arm-none-eabi/7.3.1/../../../../arm-none-eabi/lib/thumb/v7-m\libc.a(lib_a-errno.o)
 .text          0x00000000        0x0 d:/software/compiler/workbench/plugins/fr.ac6.mcu.externaltools.arm-none.win32_1.17.0.201812190825/tools/compiler/bin/../lib/gcc/arm-none-eabi/7.3.1/../../../../arm-none-eabi/lib/thumb/v7-m\libc.a(lib_a-exit.o)
 .data          0x00000000        0x0 d:/software/compiler/workbench/plugins/fr.ac6.mcu.externaltools.arm-none.win32_1.17.0.201812190825/tools/compiler/bin/../lib/gcc/arm-none-eabi/7.3.1/../../../../arm-none-eabi/lib/thumb/v7-m\libc.a(lib_a-exit.o)
 .bss           0x00000000        0x0 d:/software/compiler/workbench/plugins/fr.ac6.mcu.externaltools.arm-none.win32_1.17.0.201812190825/tools/compiler/bin/../lib/gcc/arm-none-eabi/7.3.1/../../../../arm-none-eabi/lib/thumb/v7-m\libc.a(lib_a-exit.o)
 .text.exit     0x00000000       0x20 d:/software/compiler/workbench/plugins/fr.ac6.mcu.externaltools.arm-none.win32_1.17.0.201812190825/tools/compiler/bin/../lib/gcc/arm-none-eabi/7.3.1/../../../../arm-none-eabi/lib/thumb/v7-m\libc.a(lib_a-exit.o)
 .debug_frame   0x00000000       0x28 d:/software/compiler/workbench/plugins/fr.ac6.mcu.externaltools.arm-none.win32_1.17.0.201812190825/tools/compiler/bin/../lib/gcc/arm-none-eabi/7.3.1/../../../../arm-none-eabi/lib/thumb/v7-m\libc.a(lib_a-exit.o)
 .ARM.attributes
                0x00000000       0x2d d:/software/compiler/workbench/plugins/fr.ac6.mcu.externaltools.arm-none.win32_1.17.0.201812190825/tools/compiler/bin/../lib/gcc/arm-none-eabi/7.3.1/../../../../arm-none-eabi/lib/thumb/v7-m\libc.a(lib_a-exit.o)
 .text          0x00000000        0x0 d:/software/compiler/workbench/plugins/fr.ac6.mcu.externaltools.arm-none.win32_1.17.0.201812190825/tools/compiler/bin/../lib/gcc/arm-none-eabi/7.3.1/../../../../arm-none-eabi/lib/thumb/v7-m\libc.a(lib_a-impure.o)
 .data          0x00000000        0x0 d:/software/compiler/workbench/plugins/fr.ac6.mcu.externaltools.arm-none.win32_1.17.0.201812190825/tools/compiler/bin/../lib/gcc/arm-none-eabi/7.3.1/../../../../arm-none-eabi/lib/thumb/v7-m\libc.a(lib_a-impure.o)
 .bss           0x00000000        0x0 d:/software/compiler/workbench/plugins/fr.ac6.mcu.externaltools.arm-none.win32_1.17.0.201812190825/tools/compiler/bin/../lib/gcc/arm-none-eabi/7.3.1/../../../../arm-none-eabi/lib/thumb/v7-m\libc.a(lib_a-impure.o)
 .data._impure_ptr
                0x00000000        0x4 d:/software/compiler/workbench/plugins/fr.ac6.mcu.externaltools.arm-none.win32_1.17.0.201812190825/tools/compiler/bin/../lib/gcc/arm-none-eabi/7.3.1/../../../../arm-none-eabi/lib/thumb/v7-m\libc.a(lib_a-impure.o)
 .text          0x00000000        0x0 d:/software/compiler/workbench/plugins/fr.ac6.mcu.externaltools.arm-none.win32_1.17.0.201812190825/tools/compiler/bin/../lib/gcc/arm-none-eabi/7.3.1/../../../../arm-none-eabi/lib/thumb/v7-m\libc.a(lib_a-init.o)
 .data          0x00000000        0x0 d:/software/compiler/workbench/plugins/fr.ac6.mcu.externaltools.arm-none.win32_1.17.0.201812190825/tools/compiler/bin/../lib/gcc/arm-none-eabi/7.3.1/../../../../arm-none-eabi/lib/thumb/v7-m\libc.a(lib_a-init.o)
 .bss           0x00000000        0x0 d:/software/compiler/workbench/plugins/fr.ac6.mcu.externaltools.arm-none.win32_1.17.0.201812190825/tools/compiler/bin/../lib/gcc/arm-none-eabi/7.3.1/../../../../arm-none-eabi/lib/thumb/v7-m\libc.a(lib_a-init.o)
 .text          0x00000000        0x0 d:/software/compiler/workbench/plugins/fr.ac6.mcu.externaltools.arm-none.win32_1.17.0.201812190825/tools/compiler/bin/../lib/gcc/arm-none-eabi/7.3.1/../../../../arm-none-eabi/lib/thumb/v7-m\libc.a(lib_a-memset.o)
 .data          0x00000000        0x0 d:/software/compiler/workbench/plugins/fr.ac6.mcu.externaltools.arm-none.win32_1.17.0.201812190825/tools/compiler/bin/../lib/gcc/arm-none-eabi/7.3.1/../../../../arm-none-eabi/lib/thumb/v7-m\libc.a(lib_a-memset.o)
 .bss           0x00000000        0x0 d:/software/compiler/workbench/plugins/fr.ac6.mcu.externaltools.arm-none.win32_1.17.0.201812190825/tools/compiler/bin/../lib/gcc/arm-none-eabi/7.3.1/../../../../arm-none-eabi/lib/thumb/v7-m\libc.a(lib_a-memset.o)
 .text.memset   0x00000000       0x94 d:/software/compiler/workbench/plugins/fr.ac6.mcu.externaltools.arm-none.win32_1.17.0.201812190825/tools/compiler/bin/../lib/gcc/arm-none-eabi/7.3.1/../../../../arm-none-eabi/lib/thumb/v7-m\libc.a(lib_a-memset.o)
 .debug_frame   0x00000000       0x38 d:/software/compiler/workbench/plugins/fr.ac6.mcu.externaltools.arm-none.win32_1.17.0.201812190825/tools/compiler/bin/../lib/gcc/arm-none-eabi/7.3.1/../../../../arm-none-eabi/lib/thumb/v7-m\libc.a(lib_a-memset.o)
 .ARM.attributes
                0x00000000       0x2d d:/software/compiler/workbench/plugins/fr.ac6.mcu.externaltools.arm-none.win32_1.17.0.201812190825/tools/compiler/bin/../lib/gcc/arm-none-eabi/7.3.1/../../../../arm-none-eabi/lib/thumb/v7-m\libc.a(lib_a-memset.o)
 .text          0x00000000        0x0 d:/software/compiler/workbench/plugins/fr.ac6.mcu.externaltools.arm-none.win32_1.17.0.201812190825/tools/compiler/bin/../lib/gcc/arm-none-eabi/7.3.1/../../../../arm-none-eabi/lib/thumb/v7-m\libc.a(lib_a-__call_atexit.o)
 .data          0x00000000        0x0 d:/software/compiler/workbench/plugins/fr.ac6.mcu.externaltools.arm-none.win32_1.17.0.201812190825/tools/compiler/bin/../lib/gcc/arm-none-eabi/7.3.1/../../../../arm-none-eabi/lib/thumb/v7-m\libc.a(lib_a-__call_atexit.o)
 .bss           0x00000000        0x0 d:/software/compiler/workbench/plugins/fr.ac6.mcu.externaltools.arm-none.win32_1.17.0.201812190825/tools/compiler/bin/../lib/gcc/arm-none-eabi/7.3.1/../../../../arm-none-eabi/lib/thumb/v7-m\libc.a(lib_a-__call_atexit.o)
 .text.__call_exitprocs
                0x00000000       0xe8 d:/software/compiler/workbench/plugins/fr.ac6.mcu.externaltools.arm-none.win32_1.17.0.201812190825/tools/compiler/bin/../lib/gcc/arm-none-eabi/7.3.1/../../../../arm-none-eabi/lib/thumb/v7-m\libc.a(lib_a-__call_atexit.o)
 .text          0x00000000        0x0 d:/software/compiler/workbench/plugins/fr.ac6.mcu.externaltools.arm-none.win32_1.17.0.201812190825/tools/compiler/bin/../lib/gcc/arm-none-eabi/7.3.1/../../../../arm-none-eabi/lib/thumb/v7-m\libc.a(lib_a-atexit.o)
 .data          0x00000000        0x0 d:/software/compiler/workbench/plugins/fr.ac6.mcu.externaltools.arm-none.win32_1.17.0.201812190825/tools/compiler/bin/../lib/gcc/arm-none-eabi/7.3.1/../../../../arm-none-eabi/lib/thumb/v7-m\libc.a(lib_a-atexit.o)
 .bss           0x00000000        0x0 d:/software/compiler/workbench/plugins/fr.ac6.mcu.externaltools.arm-none.win32_1.17.0.201812190825/tools/compiler/bin/../lib/gcc/arm-none-eabi/7.3.1/../../../../arm-none-eabi/lib/thumb/v7-m\libc.a(lib_a-atexit.o)
 .text          0x00000000        0x0 d:/software/compiler/workbench/plugins/fr.ac6.mcu.externaltools.arm-none.win32_1.17.0.201812190825/tools/compiler/bin/../lib/gcc/arm-none-eabi/7.3.1/../../../../arm-none-eabi/lib/thumb/v7-m\libc.a(lib_a-fini.o)
 .data          0x00000000        0x0 d:/software/compiler/workbench/plugins/fr.ac6.mcu.externaltools.arm-none.win32_1.17.0.201812190825/tools/compiler/bin/../lib/gcc/arm-none-eabi/7.3.1/../../../../arm-none-eabi/lib/thumb/v7-m\libc.a(lib_a-fini.o)
 .bss           0x00000000        0x0 d:/software/compiler/workbench/plugins/fr.ac6.mcu.externaltools.arm-none.win32_1.17.0.201812190825/tools/compiler/bin/../lib/gcc/arm-none-eabi/7.3.1/../../../../arm-none-eabi/lib/thumb/v7-m\libc.a(lib_a-fini.o)
 .text          0x00000000        0x0 d:/software/compiler/workbench/plugins/fr.ac6.mcu.externaltools.arm-none.win32_1.17.0.201812190825/tools/compiler/bin/../lib/gcc/arm-none-eabi/7.3.1/../../../../arm-none-eabi/lib/thumb/v7-m\libc.a(lib_a-lock.o)
 .data          0x00000000        0x0 d:/software/compiler/workbench/plugins/fr.ac6.mcu.externaltools.arm-none.win32_1.17.0.201812190825/tools/compiler/bin/../lib/gcc/arm-none-eabi/7.3.1/../../../../arm-none-eabi/lib/thumb/v7-m\libc.a(lib_a-lock.o)
 .bss           0x00000000        0x0 d:/software/compiler/workbench/plugins/fr.ac6.mcu.externaltools.arm-none.win32_1.17.0.201812190825/tools/compiler/bin/../lib/gcc/arm-none-eabi/7.3.1/../../../../arm-none-eabi/lib/thumb/v7-m\libc.a(lib_a-lock.o)
 .text.__retarget_lock_init
                0x00000000        0x4 d:/software/compiler/workbench/plugins/fr.ac6.mcu.externaltools.arm-none.win32_1.17.0.201812190825/tools/compiler/bin/../lib/gcc/arm-none-eabi/7.3.1/../../../../arm-none-eabi/lib/thumb/v7-m\libc.a(lib_a-lock.o)
 .text.__retarget_lock_init_recursive
                0x00000000        0x4 d:/software/compiler/workbench/plugins/fr.ac6.mcu.externaltools.arm-none.win32_1.17.0.201812190825/tools/compiler/bin/../lib/gcc/arm-none-eabi/7.3.1/../../../../arm-none-eabi/lib/thumb/v7-m\libc.a(lib_a-lock.o)
 .text.__retarget_lock_close
                0x00000000        0x4 d:/software/compiler/workbench/plugins/fr.ac6.mcu.externaltools.arm-none.win32_1.17.0.201812190825/tools/compiler/bin/../lib/gcc/arm-none-eabi/7.3.1/../../../../arm-none-eabi/lib/thumb/v7-m\libc.a(lib_a-lock.o)
 .text.__retarget_lock_close_recursive
                0x00000000        0x4 d:/software/compiler/workbench/plugins/fr.ac6.mcu.externaltools.arm-none.win32_1.17.0.201812190825/tools/compiler/bin/../lib/gcc/arm-none-eabi/7.3.1/../../../../arm-none-eabi/lib/thumb/v7-m\libc.a(lib_a-lock.o)
 .text.__retarget_lock_acquire
                0x00000000        0x4 d:/software/compiler/workbench/plugins/fr.ac6.mcu.externaltools.arm-none.win32_1.17.0.201812190825/tools/compiler/bin/../lib/gcc/arm-none-eabi/7.3.1/../../../../arm-none-eabi/lib/thumb/v7-m\libc.a(lib_a-lock.o)
 .text.__retarget_lock_try_acquire
                0x00000000        0x4 d:/software/compiler/workbench/plugins/fr.ac6.mcu.externaltools.arm-none.win32_1.17.0.201812190825/tools/compiler/bin/../lib/gcc/arm-none-eabi/7.3.1/../../../../arm-none-eabi/lib/thumb/v7-m\libc.a(lib_a-lock.o)
 .text.__retarget_lock_try_acquire_recursive
                0x00000000        0x4 d:/software/compiler/workbench/plugins/fr.ac6.mcu.externaltools.arm-none.win32_1.17.0.201812190825/tools/compiler/bin/../lib/gcc/arm-none-eabi/7.3.1/../../../../arm-none-eabi/lib/thumb/v7-m\libc.a(lib_a-lock.o)
 .text.__retarget_lock_release
                0x00000000        0x4 d:/software/compiler/workbench/plugins/fr.ac6.mcu.externaltools.arm-none.win32_1.17.0.201812190825/tools/compiler/bin/../lib/gcc/arm-none-eabi/7.3.1/../../../../arm-none-eabi/lib/thumb/v7-m\libc.a(lib_a-lock.o)
 .text          0x00000000        0x0 d:/software/compiler/workbench/plugins/fr.ac6.mcu.externaltools.arm-none.win32_1.17.0.201812190825/tools/compiler/bin/../lib/gcc/arm-none-eabi/7.3.1/../../../../arm-none-eabi/lib/thumb/v7-m\libc.a(lib_a-__atexit.o)
 .data          0x00000000        0x0 d:/software/compiler/workbench/plugins/fr.ac6.mcu.externaltools.arm-none.win32_1.17.0.201812190825/tools/compiler/bin/../lib/gcc/arm-none-eabi/7.3.1/../../../../arm-none-eabi/lib/thumb/v7-m\libc.a(lib_a-__atexit.o)
 .bss           0x00000000        0x0 d:/software/compiler/workbench/plugins/fr.ac6.mcu.externaltools.arm-none.win32_1.17.0.201812190825/tools/compiler/bin/../lib/gcc/arm-none-eabi/7.3.1/../../../../arm-none-eabi/lib/thumb/v7-m\libc.a(lib_a-__atexit.o)
 .text          0x00000000        0x0 d:/software/compiler/workbench/plugins/fr.ac6.mcu.externaltools.arm-none.win32_1.17.0.201812190825/tools/compiler/bin/../lib/gcc/arm-none-eabi/7.3.1/thumb/v7-m/crtend.o
 .data          0x00000000        0x0 d:/software/compiler/workbench/plugins/fr.ac6.mcu.externaltools.arm-none.win32_1.17.0.201812190825/tools/compiler/bin/../lib/gcc/arm-none-eabi/7.3.1/thumb/v7-m/crtend.o
 .bss           0x00000000        0x0 d:/software/compiler/workbench/plugins/fr.ac6.mcu.externaltools.arm-none.win32_1.17.0.201812190825/tools/compiler/bin/../lib/gcc/arm-none-eabi/7.3.1/thumb/v7-m/crtend.o
 .eh_frame      0x00000000        0x4 d:/software/compiler/workbench/plugins/fr.ac6.mcu.externaltools.arm-none.win32_1.17.0.201812190825/tools/compiler/bin/../lib/gcc/arm-none-eabi/7.3.1/thumb/v7-m/crtend.o
 .ARM.attributes
                0x00000000       0x2d d:/software/compiler/workbench/plugins/fr.ac6.mcu.externaltools.arm-none.win32_1.17.0.201812190825/tools/compiler/bin/../lib/gcc/arm-none-eabi/7.3.1/thumb/v7-m/crtend.o
 .text          0x00000000        0x0 d:/software/compiler/workbench/plugins/fr.ac6.mcu.externaltools.arm-none.win32_1.17.0.201812190825/tools/compiler/bin/../lib/gcc/arm-none-eabi/7.3.1/thumb/v7-m/crtn.o
 .data          0x00000000        0x0 d:/software/compiler/workbench/plugins/fr.ac6.mcu.externaltools.arm-none.win32_1.17.0.201812190825/tools/compiler/bin/../lib/gcc/arm-none-eabi/7.3.1/thumb/v7-m/crtn.o
 .bss           0x00000000        0x0 d:/software/compiler/workbench/plugins/fr.ac6.mcu.externaltools.arm-none.win32_1.17.0.201812190825/tools/compiler/bin/../lib/gcc/arm-none-eabi/7.3.1/thumb/v7-m/crtn.o

Memory Configuration

Name             Origin             Length             Attributes
RAM              0x20000000         0x00005000         xrw
ROM              0x08000000         0x00010000         xr
*default*        0x00000000         0xffffffff

Linker script and memory map

LOAD d:/software/compiler/workbench/plugins/fr.ac6.mcu.externaltools.arm-none.win32_1.17.0.201812190825/tools/compiler/bin/../lib/gcc/arm-none-eabi/7.3.1/thumb/v7-m/crti.o
LOAD d:/software/compiler/workbench/plugins/fr.ac6.mcu.externaltools.arm-none.win32_1.17.0.201812190825/tools/compiler/bin/../lib/gcc/arm-none-eabi/7.3.1/thumb/v7-m/crtbegin.o
LOAD d:/software/compiler/workbench/plugins/fr.ac6.mcu.externaltools.arm-none.win32_1.17.0.201812190825/tools/compiler/bin/../lib/gcc/arm-none-eabi/7.3.1/../../../../arm-none-eabi/lib/thumb/v7-m/crt0.o
LOAD app/sys/src/startup_stm32.o
LOAD app/sys/src/sys.o
LOAD app/sys/src/sysmem.o
LOAD drv/clock/src/clock.o
LOAD drv/core/src/core.o
LOAD drv/gpio/src/gpio.o
LOAD drv/uart/src/uart.o
LOAD myLib/queue/src/queue_static.o
LOAD platform/comm/src/comm.o
LOAD platform/serial_interface/src/serial_interface.o
LOAD d:/software/compiler/workbench/plugins/fr.ac6.mcu.externaltools.arm-none.win32_1.17.0.201812190825/tools/compiler/bin/../lib/gcc/arm-none-eabi/7.3.1/../../../../arm-none-eabi/lib/thumb/v7-m\libm.a
START GROUP
LOAD d:/software/compiler/workbench/plugins/fr.ac6.mcu.externaltools.arm-none.win32_1.17.0.201812190825/tools/compiler/bin/../lib/gcc/arm-none-eabi/7.3.1/thumb/v7-m\libgcc.a
LOAD d:/software/compiler/workbench/plugins/fr.ac6.mcu.externaltools.arm-none.win32_1.17.0.201812190825/tools/compiler/bin/../lib/gcc/arm-none-eabi/7.3.1/../../../../arm-none-eabi/lib/thumb/v7-m\libc.a
END GROUP
LOAD d:/software/compiler/workbench/plugins/fr.ac6.mcu.externaltools.arm-none.win32_1.17.0.201812190825/tools/compiler/bin/../lib/gcc/arm-none-eabi/7.3.1/thumb/v7-m/crtend.o
LOAD d:/software/compiler/workbench/plugins/fr.ac6.mcu.externaltools.arm-none.win32_1.17.0.201812190825/tools/compiler/bin/../lib/gcc/arm-none-eabi/7.3.1/thumb/v7-m/crtn.o
                0x20005000                _estack = 0x20005000
                0x00000000                _Min_Heap_Size = 0x0
                0x00000400                _Min_Stack_Size = 0x400

.isr_vector     0x08000000      0x130
                0x08000000                . = ALIGN (0x4)
 *(.isr_vector)
 .isr_vector    0x08000000      0x130 app/sys/src/startup_stm32.o
                0x08000000                g_pfnVectors
                0x08000130                . = ALIGN (0x4)

.text           0x08000130      0xebc
                0x08000130                . = ALIGN (0x4)
 *(.text)
 .text          0x08000130       0x40 d:/software/compiler/workbench/plugins/fr.ac6.mcu.externaltools.arm-none.win32_1.17.0.201812190825/tools/compiler/bin/../lib/gcc/arm-none-eabi/7.3.1/thumb/v7-m/crtbegin.o
 *(.text*)
 .text.Reset_Handler
                0x08000170       0x50 app/sys/src/startup_stm32.o
                0x08000170                Reset_Handler
 .text.Default_Handler
                0x080001c0        0x2 app/sys/src/startup_stm32.o
                0x080001c0                EXTI2_IRQHandler
                0x080001c0                TIM8_TRG_COM_IRQHandler
                0x080001c0                TIM8_CC_IRQHandler
                0x080001c0                DebugMon_Handler
                0x080001c0                TIM1_CC_IRQHandler
                0x080001c0                TIM6_IRQHandler
                0x080001c0                SysTick_Handler
                0x080001c0                PVD_IRQHandler
                0x080001c0                SDIO_IRQHandler
                0x080001c0                PendSV_Handler
                0x080001c0                EXTI3_IRQHandler
                0x080001c0                USB_HP_CAN_TX_IRQHandler
                0x080001c0                EXTI0_IRQHandler
                0x080001c0                I2C2_EV_IRQHandler
                0x080001c0                ADC1_2_IRQHandler
                0x080001c0                SPI1_IRQHandler
                0x080001c0                CAN_SCE_IRQHandler
                0x080001c0                TAMPER_IRQHandler
                0x080001c0                TIM8_UP_IRQHandler
                0x080001c0                DMA2_Channel2_IRQHandler
                0x080001c0                DMA1_Channel4_IRQHandler
                0x080001c0                RTC_IRQHandler
                0x080001c0                DMA1_Channel7_IRQHandler
                0x080001c0                UART5_IRQHandler
                0x080001c0                ADC3_IRQHandler
                0x080001c0                TIM4_IRQHandler
                0x080001c0                CAN_RX1_IRQHandler
                0x080001c0                DMA2_Channel1_IRQHandler
                0x080001c0                I2C1_EV_IRQHandler
                0x080001c0                DMA1_Channel6_IRQHandler
                0x080001c0                UART4_IRQHandler
                0x080001c0                TIM3_IRQHandler
                0x080001c0                RCC_IRQHandler
                0x080001c0                TIM1_TRG_COM_IRQHandler
                0x080001c0                DMA1_Channel1_IRQHandler
                0x080001c0                Default_Handler
                0x080001c0                EXTI15_10_IRQHandler
                0x080001c0                TIM7_IRQHandler
                0x080001c0                TIM5_IRQHandler
                0x080001c0                EXTI9_5_IRQHandler
                0x080001c0                SPI2_IRQHandler
                0x080001c0                USB_LP_CAN_RX0_IRQHandler
                0x080001c0                SVC_Handler
                0x080001c0                DMA1_Channel5_IRQHandler
                0x080001c0                EXTI4_IRQHandler
                0x080001c0                DMA1_Channel3_IRQHandler
                0x080001c0                FSMC_IRQHandler
                0x080001c0                TIM1_UP_IRQHandler
                0x080001c0                WWDG_IRQHandler
                0x080001c0                TIM2_IRQHandler
                0x080001c0                TIM1_BRK_IRQHandler
                0x080001c0                EXTI1_IRQHandler
                0x080001c0                RTCAlarm_IRQHandler
                0x080001c0                DMA2_Channel4_5_IRQHandler
                0x080001c0                I2C2_ER_IRQHandler
                0x080001c0                DMA1_Channel2_IRQHandler
                0x080001c0                TIM8_BRK_IRQHandler
                0x080001c0                FLASH_IRQHandler
                0x080001c0                SPI3_IRQHandler
                0x080001c0                I2C1_ER_IRQHandler
                0x080001c0                DMA2_Channel3_IRQHandler
 .text.main     0x080001c2       0x12 app/sys/src/sys.o
                0x080001c2                main
 .text.Sys_Init
                0x080001d4       0x10 app/sys/src/sys.o
                0x080001d4                Sys_Init
 .text.Sys_Run  0x080001e4        0xa app/sys/src/sys.o
                0x080001e4                Sys_Run
 *fill*         0x080001ee        0x2 
 .text.System_Clk_Params_Init
                0x080001f0      0x194 drv/clock/src/clock.o
                0x080001f0                System_Clk_Params_Init
 .text.System_Flash_Init
                0x08000384       0x34 drv/clock/src/clock.o
                0x08000384                System_Flash_Init
 .text.System_Flash_Vector_Init
                0x080003b8       0x18 drv/clock/src/clock.o
                0x080003b8                System_Flash_Vector_Init
 .text.System_Clock_Init
                0x080003d0      0x130 drv/clock/src/clock.o
                0x080003d0                System_Clock_Init
 .text.System_Init
                0x08000500       0x98 drv/clock/src/clock.o
                0x08000500                System_Init
 .text.NMI_Handler
                0x08000598       0x22 drv/core/src/core.o
                0x08000598                NMI_Handler
 .text.HardFault_Handler
                0x080005ba       0x20 drv/core/src/core.o
                0x080005ba                HardFault_Handler
 .text.MemManage_Handler
                0x080005da       0x22 drv/core/src/core.o
                0x080005da                MemManage_Handler
 .text.BusFault_Handler
                0x080005fc       0x22 drv/core/src/core.o
                0x080005fc                BusFault_Handler
 .text.UsageFault_Handler
                0x0800061e       0x22 drv/core/src/core.o
                0x0800061e                UsageFault_Handler
 .text.GPIO_GetBase_Add
                0x08000640       0x68 drv/gpio/src/gpio.o
                0x08000640                GPIO_GetBase_Add
 .text.GPIO_SetConfig
                0x080006a8       0xbc drv/gpio/src/gpio.o
                0x080006a8                GPIO_SetConfig
 .text.GPIO_Clock_Init
                0x08000764       0x4c drv/gpio/src/gpio.o
                0x08000764                GPIO_Clock_Init
 .text.__NVIC_EnableIRQ
                0x080007b0       0x38 drv/uart/src/uart.o
 .text.USART1_IRQHandler
                0x080007e8       0x40 drv/uart/src/uart.o
                0x080007e8                USART1_IRQHandler
 .text.USART2_IRQHandler
                0x08000828       0x14 drv/uart/src/uart.o
                0x08000828                USART2_IRQHandler
 .text.USART3_IRQHandler
                0x0800083c       0x14 drv/uart/src/uart.o
                0x0800083c                USART3_IRQHandler
 .text.UART_GetBase_Add
                0x08000850       0x4c drv/uart/src/uart.o
 .text.UART_Is_Channel_Available
                0x0800089c       0x40 drv/uart/src/uart.o
 .text.UART_SetConfig
                0x080008dc       0xa8 drv/uart/src/uart.o
                0x080008dc                UART_SetConfig
 .text.UART_Init
                0x08000984      0x150 drv/uart/src/uart.o
                0x08000984                UART_Init
 .text.UART_Open
                0x08000ad4       0x54 drv/uart/src/uart.o
                0x08000ad4                UART_Open
 .text.IsQueueFull
                0x08000b28       0x48 myLib/queue/src/queue_static.o
                0x08000b28                IsQueueFull
 .text.MyStaticQueue_IsQueueEmpty
                0x08000b70       0x34 myLib/queue/src/queue_static.o
                0x08000b70                MyStaticQueue_IsQueueEmpty
 .text.MyStaticQueue_Init
                0x08000ba4       0x3e myLib/queue/src/queue_static.o
                0x08000ba4                MyStaticQueue_Init
 *fill*         0x08000be2        0x2 
 .text.MyStaticQueue_EnQueue
                0x08000be4       0x7c myLib/queue/src/queue_static.o
                0x08000be4                MyStaticQueue_EnQueue
 .text.MyStaticQueue_DeQueue
                0x08000c60       0x84 myLib/queue/src/queue_static.o
                0x08000c60                MyStaticQueue_DeQueue
 .text.Comm_Init
                0x08000ce4       0x84 platform/comm/src/comm.o
                0x08000ce4                Comm_Init
 .text.Comm_Rx_Handler
                0x08000d68       0x20 platform/comm/src/comm.o
                0x08000d68                Comm_Rx_Handler
 .text.Comm_Rx_Byte
                0x08000d88       0x20 platform/comm/src/comm.o
                0x08000d88                Comm_Rx_Byte
 .text.SI_Rx_Callback
                0x08000da8       0x16 platform/serial_interface/src/serial_interface.o
                0x08000da8                SI_Rx_Callback
 *fill*         0x08000dbe        0x2 
 .text.SI_Rx_Handler
                0x08000dc0       0xb0 platform/serial_interface/src/serial_interface.o
                0x08000dc0                SI_Rx_Handler
 .text.__libc_init_array
                0x08000e70       0x48 d:/software/compiler/workbench/plugins/fr.ac6.mcu.externaltools.arm-none.win32_1.17.0.201812190825/tools/compiler/bin/../lib/gcc/arm-none-eabi/7.3.1/../../../../arm-none-eabi/lib/thumb/v7-m\libc.a(lib_a-init.o)
                0x08000e70                __libc_init_array
 .text.startup.register_fini
                0x08000eb8       0x14 d:/software/compiler/workbench/plugins/fr.ac6.mcu.externaltools.arm-none.win32_1.17.0.201812190825/tools/compiler/bin/../lib/gcc/arm-none-eabi/7.3.1/../../../../arm-none-eabi/lib/thumb/v7-m\libc.a(lib_a-__call_atexit.o)
 .text.atexit   0x08000ecc        0xc d:/software/compiler/workbench/plugins/fr.ac6.mcu.externaltools.arm-none.win32_1.17.0.201812190825/tools/compiler/bin/../lib/gcc/arm-none-eabi/7.3.1/../../../../arm-none-eabi/lib/thumb/v7-m\libc.a(lib_a-atexit.o)
                0x08000ecc                atexit
 .text.__libc_fini_array
                0x08000ed8       0x34 d:/software/compiler/workbench/plugins/fr.ac6.mcu.externaltools.arm-none.win32_1.17.0.201812190825/tools/compiler/bin/../lib/gcc/arm-none-eabi/7.3.1/../../../../arm-none-eabi/lib/thumb/v7-m\libc.a(lib_a-fini.o)
                0x08000ed8                __libc_fini_array
 .text.__retarget_lock_acquire_recursive
                0x08000f0c        0x4 d:/software/compiler/workbench/plugins/fr.ac6.mcu.externaltools.arm-none.win32_1.17.0.201812190825/tools/compiler/bin/../lib/gcc/arm-none-eabi/7.3.1/../../../../arm-none-eabi/lib/thumb/v7-m\libc.a(lib_a-lock.o)
                0x08000f0c                __retarget_lock_acquire_recursive
 .text.__retarget_lock_release_recursive
                0x08000f10        0x4 d:/software/compiler/workbench/plugins/fr.ac6.mcu.externaltools.arm-none.win32_1.17.0.201812190825/tools/compiler/bin/../lib/gcc/arm-none-eabi/7.3.1/../../../../arm-none-eabi/lib/thumb/v7-m\libc.a(lib_a-lock.o)
                0x08000f10                __retarget_lock_release_recursive
 .text.__register_exitproc
                0x08000f14       0xc0 d:/software/compiler/workbench/plugins/fr.ac6.mcu.externaltools.arm-none.win32_1.17.0.201812190825/tools/compiler/bin/../lib/gcc/arm-none-eabi/7.3.1/../../../../arm-none-eabi/lib/thumb/v7-m\libc.a(lib_a-__atexit.o)
                0x08000f14                __register_exitproc
 *(.glue_7)
 .glue_7        0x08000fd4        0x0 linker stubs
 *(.glue_7t)
 .glue_7t       0x08000fd4        0x0 linker stubs
 *(.eh_frame)
 .eh_frame      0x08000fd4        0x0 d:/software/compiler/workbench/plugins/fr.ac6.mcu.externaltools.arm-none.win32_1.17.0.201812190825/tools/compiler/bin/../lib/gcc/arm-none-eabi/7.3.1/thumb/v7-m/crtbegin.o
 *(.init)
 .init          0x08000fd4        0x4 d:/software/compiler/workbench/plugins/fr.ac6.mcu.externaltools.arm-none.win32_1.17.0.201812190825/tools/compiler/bin/../lib/gcc/arm-none-eabi/7.3.1/thumb/v7-m/crti.o
                0x08000fd4                _init
 .init          0x08000fd8        0x8 d:/software/compiler/workbench/plugins/fr.ac6.mcu.externaltools.arm-none.win32_1.17.0.201812190825/tools/compiler/bin/../lib/gcc/arm-none-eabi/7.3.1/thumb/v7-m/crtn.o
 *(.fini)
 .fini          0x08000fe0        0x4 d:/software/compiler/workbench/plugins/fr.ac6.mcu.externaltools.arm-none.win32_1.17.0.201812190825/tools/compiler/bin/../lib/gcc/arm-none-eabi/7.3.1/thumb/v7-m/crti.o
                0x08000fe0                _fini
 .fini          0x08000fe4        0x8 d:/software/compiler/workbench/plugins/fr.ac6.mcu.externaltools.arm-none.win32_1.17.0.201812190825/tools/compiler/bin/../lib/gcc/arm-none-eabi/7.3.1/thumb/v7-m/crtn.o
                0x08000fec                . = ALIGN (0x4)
                0x08000fec                _etext = .

.vfp11_veneer   0x08000fec        0x0
 .vfp11_veneer  0x08000fec        0x0 linker stubs

.v4_bx          0x08000fec        0x0
 .v4_bx         0x08000fec        0x0 linker stubs

.iplt           0x08000fec        0x0
 .iplt          0x08000fec        0x0 d:/software/compiler/workbench/plugins/fr.ac6.mcu.externaltools.arm-none.win32_1.17.0.201812190825/tools/compiler/bin/../lib/gcc/arm-none-eabi/7.3.1/thumb/v7-m/crtbegin.o

.rodata         0x08000fec        0x4
                0x08000fec                . = ALIGN (0x4)
 *(.rodata)
 *(.rodata*)
 .rodata._global_impure_ptr
                0x08000fec        0x4 d:/software/compiler/workbench/plugins/fr.ac6.mcu.externaltools.arm-none.win32_1.17.0.201812190825/tools/compiler/bin/../lib/gcc/arm-none-eabi/7.3.1/../../../../arm-none-eabi/lib/thumb/v7-m\libc.a(lib_a-impure.o)
                0x08000fec                _global_impure_ptr
                0x08000ff0                . = ALIGN (0x4)

.rel.dyn        0x08000ff0        0x0
 .rel.iplt      0x08000ff0        0x0 d:/software/compiler/workbench/plugins/fr.ac6.mcu.externaltools.arm-none.win32_1.17.0.201812190825/tools/compiler/bin/../lib/gcc/arm-none-eabi/7.3.1/thumb/v7-m/crtbegin.o

.ARM.extab      0x08000ff0        0x0
                0x08000ff0                . = ALIGN (0x4)
 *(.ARM.extab* .gnu.linkonce.armextab.*)
                0x08000ff0                . = ALIGN (0x4)

.ARM            0x08000ff0        0x0
                0x08000ff0                . = ALIGN (0x4)
                0x08000ff0                __exidx_start = .
 *(.ARM.exidx*)
                0x08000ff0                __exidx_end = .
                0x08000ff0                . = ALIGN (0x4)

.preinit_array  0x08000ff0        0x0
                0x08000ff0                . = ALIGN (0x4)
                0x08000ff0                PROVIDE (__preinit_array_start = .)
 *(.preinit_array*)
                0x08000ff0                PROVIDE (__preinit_array_end = .)
                0x08000ff0                . = ALIGN (0x4)

.init_array     0x08000ff0        0x8
                0x08000ff0                . = ALIGN (0x4)
                0x08000ff0                PROVIDE (__init_array_start = .)
 *(SORT_BY_NAME(.init_array.*))
 .init_array.00000
                0x08000ff0        0x4 d:/software/compiler/workbench/plugins/fr.ac6.mcu.externaltools.arm-none.win32_1.17.0.201812190825/tools/compiler/bin/../lib/gcc/arm-none-eabi/7.3.1/../../../../arm-none-eabi/lib/thumb/v7-m\libc.a(lib_a-__call_atexit.o)
 *(.init_array*)
 .init_array    0x08000ff4        0x4 d:/software/compiler/workbench/plugins/fr.ac6.mcu.externaltools.arm-none.win32_1.17.0.201812190825/tools/compiler/bin/../lib/gcc/arm-none-eabi/7.3.1/thumb/v7-m/crtbegin.o
                0x08000ff8                PROVIDE (__init_array_end = .)
                0x08000ff8                . = ALIGN (0x4)

.fini_array     0x08000ff8        0x4
                0x08000ff8                . = ALIGN (0x4)
                0x08000ff8                PROVIDE (__fini_array_start = .)
 *(SORT_BY_NAME(.fini_array.*))
 *(.fini_array*)
 .fini_array    0x08000ff8        0x4 d:/software/compiler/workbench/plugins/fr.ac6.mcu.externaltools.arm-none.win32_1.17.0.201812190825/tools/compiler/bin/../lib/gcc/arm-none-eabi/7.3.1/thumb/v7-m/crtbegin.o
                0x08000ffc                PROVIDE (__fini_array_end = .)
                0x08000ffc                . = ALIGN (0x4)
                0x08000ffc                _sidata = LOADADDR (.data)

.data           0x20000000      0x434 load address 0x08000ffc
                0x20000000                . = ALIGN (0x4)
                0x20000000                _sdata = .
 *(.data)
 .data          0x20000000        0x3 drv/clock/src/clock.o
                0x20000000                SystemClock_Global
 *(.data*)
 *fill*         0x20000003        0x5 
 .data.impure_data
                0x20000008      0x428 d:/software/compiler/workbench/plugins/fr.ac6.mcu.externaltools.arm-none.win32_1.17.0.201812190825/tools/compiler/bin/../lib/gcc/arm-none-eabi/7.3.1/../../../../arm-none-eabi/lib/thumb/v7-m\libc.a(lib_a-impure.o)
 .data.__atexit_recursive_mutex
                0x20000430        0x4 d:/software/compiler/workbench/plugins/fr.ac6.mcu.externaltools.arm-none.win32_1.17.0.201812190825/tools/compiler/bin/../lib/gcc/arm-none-eabi/7.3.1/../../../../arm-none-eabi/lib/thumb/v7-m\libc.a(lib_a-__call_atexit.o)
                0x20000430                __atexit_recursive_mutex
                0x20000434                . = ALIGN (0x4)
                0x20000434                _edata = .

.igot.plt       0x20000434        0x0 load address 0x08001430
 .igot.plt      0x20000434        0x0 d:/software/compiler/workbench/plugins/fr.ac6.mcu.externaltools.arm-none.win32_1.17.0.201812190825/tools/compiler/bin/../lib/gcc/arm-none-eabi/7.3.1/thumb/v7-m/crtbegin.o
                0x20000434                . = ALIGN (0x4)

.bss            0x20000434       0x88 load address 0x08001430
                0x20000434                _sbss = .
                0x20000434                __bss_start__ = _sbss
 *(.bss)
 .bss           0x20000434       0x1c d:/software/compiler/workbench/plugins/fr.ac6.mcu.externaltools.arm-none.win32_1.17.0.201812190825/tools/compiler/bin/../lib/gcc/arm-none-eabi/7.3.1/thumb/v7-m/crtbegin.o
 .bss           0x20000450       0x18 drv/uart/src/uart.o
                0x20000450                UART_Handles
 .bss           0x20000468        0x4 platform/comm/src/comm.o
                0x20000468                CommUart_Handle
 .bss           0x2000046c        0x2 platform/serial_interface/src/serial_interface.o
 *(.bss*)
 *(COMMON)
 *fill*         0x2000046e        0x2 
 COMMON         0x20000470        0xc drv/uart/src/uart.o
                0x20000470                rx_callback
 COMMON         0x2000047c        0xe platform/comm/src/comm.o
                0x2000047c                CommBuffer
 *fill*         0x2000048a        0x2 
 COMMON         0x2000048c        0xa platform/serial_interface/src/serial_interface.o
                0x2000048c                SI_Rx_Frame
 *fill*         0x20000496        0x2 
 COMMON         0x20000498       0x21 d:/software/compiler/workbench/plugins/fr.ac6.mcu.externaltools.arm-none.win32_1.17.0.201812190825/tools/compiler/bin/../lib/gcc/arm-none-eabi/7.3.1/../../../../arm-none-eabi/lib/thumb/v7-m\libc.a(lib_a-lock.o)
                0x20000498                __lock___atexit_recursive_mutex
                0x2000049c                __lock___arc4random_mutex
                0x200004a0                __lock___env_recursive_mutex
                0x200004a4                __lock___sinit_recursive_mutex
                0x200004a8                __lock___malloc_recursive_mutex
                0x200004ac                __lock___at_quick_exit_mutex
                0x200004b0                __lock___dd_hash_mutex
                0x200004b4                __lock___tz_mutex
                0x200004b8                __lock___sfp_recursive_mutex
                0x200004bc                . = ALIGN (0x4)
 *fill*         0x200004b9        0x3 
                0x200004bc                _ebss = .
                0x200004bc                __bss_end__ = _ebss

._user_heap_stack
                0x200004bc      0x404 load address 0x08001430
                0x200004c0                . = ALIGN (0x8)
 *fill*         0x200004bc        0x4 
                0x200004c0                PROVIDE (end = .)
                [!provide]                PROVIDE (_end = .)
                0x200004c0                . = (. + _Min_Heap_Size)
                0x200008c0                . = (. + _Min_Stack_Size)
 *fill*         0x200004c0      0x400 
                0x200008c0                . = ALIGN (0x8)

/DISCARD/
 libc.a(*)
 libm.a(*)
 libgcc.a(*)

.ARM.attributes
                0x00000000       0x29
 *(.ARM.attributes)
 .ARM.attributes
                0x00000000       0x1d d:/software/compiler/workbench/plugins/fr.ac6.mcu.externaltools.arm-none.win32_1.17.0.201812190825/tools/compiler/bin/../lib/gcc/arm-none-eabi/7.3.1/thumb/v7-m/crti.o
 .ARM.attributes
                0x0000001d       0x2d d:/software/compiler/workbench/plugins/fr.ac6.mcu.externaltools.arm-none.win32_1.17.0.201812190825/tools/compiler/bin/../lib/gcc/arm-none-eabi/7.3.1/thumb/v7-m/crtbegin.o
 .ARM.attributes
                0x0000004a       0x21 app/sys/src/startup_stm32.o
 .ARM.attributes
                0x0000006b       0x33 app/sys/src/sys.o
 .ARM.attributes
                0x0000009e       0x33 drv/clock/src/clock.o
 .ARM.attributes
                0x000000d1       0x33 drv/core/src/core.o
 .ARM.attributes
                0x00000104       0x33 drv/gpio/src/gpio.o
 .ARM.attributes
                0x00000137       0x33 drv/uart/src/uart.o
 .ARM.attributes
                0x0000016a       0x33 myLib/queue/src/queue_static.o
 .ARM.attributes
                0x0000019d       0x33 platform/comm/src/comm.o
 .ARM.attributes
                0x000001d0       0x33 platform/serial_interface/src/serial_interface.o
 .ARM.attributes
                0x00000203       0x2d d:/software/compiler/workbench/plugins/fr.ac6.mcu.externaltools.arm-none.win32_1.17.0.201812190825/tools/compiler/bin/../lib/gcc/arm-none-eabi/7.3.1/../../../../arm-none-eabi/lib/thumb/v7-m\libc.a(lib_a-impure.o)
 .ARM.attributes
                0x00000230       0x2d d:/software/compiler/workbench/plugins/fr.ac6.mcu.externaltools.arm-none.win32_1.17.0.201812190825/tools/compiler/bin/../lib/gcc/arm-none-eabi/7.3.1/../../../../arm-none-eabi/lib/thumb/v7-m\libc.a(lib_a-init.o)
 .ARM.attributes
                0x0000025d       0x2d d:/software/compiler/workbench/plugins/fr.ac6.mcu.externaltools.arm-none.win32_1.17.0.201812190825/tools/compiler/bin/../lib/gcc/arm-none-eabi/7.3.1/../../../../arm-none-eabi/lib/thumb/v7-m\libc.a(lib_a-__call_atexit.o)
 .ARM.attributes
                0x0000028a       0x2d d:/software/compiler/workbench/plugins/fr.ac6.mcu.externaltools.arm-none.win32_1.17.0.201812190825/tools/compiler/bin/../lib/gcc/arm-none-eabi/7.3.1/../../../../arm-none-eabi/lib/thumb/v7-m\libc.a(lib_a-atexit.o)
 .ARM.attributes
                0x000002b7       0x2d d:/software/compiler/workbench/plugins/fr.ac6.mcu.externaltools.arm-none.win32_1.17.0.201812190825/tools/compiler/bin/../lib/gcc/arm-none-eabi/7.3.1/../../../../arm-none-eabi/lib/thumb/v7-m\libc.a(lib_a-fini.o)
 .ARM.attributes
                0x000002e4       0x2d d:/software/compiler/workbench/plugins/fr.ac6.mcu.externaltools.arm-none.win32_1.17.0.201812190825/tools/compiler/bin/../lib/gcc/arm-none-eabi/7.3.1/../../../../arm-none-eabi/lib/thumb/v7-m\libc.a(lib_a-lock.o)
 .ARM.attributes
                0x00000311       0x2d d:/software/compiler/workbench/plugins/fr.ac6.mcu.externaltools.arm-none.win32_1.17.0.201812190825/tools/compiler/bin/../lib/gcc/arm-none-eabi/7.3.1/../../../../arm-none-eabi/lib/thumb/v7-m\libc.a(lib_a-__atexit.o)
 .ARM.attributes
                0x0000033e       0x1d d:/software/compiler/workbench/plugins/fr.ac6.mcu.externaltools.arm-none.win32_1.17.0.201812190825/tools/compiler/bin/../lib/gcc/arm-none-eabi/7.3.1/thumb/v7-m/crtn.o
OUTPUT(bootmanager.elf elf32-littlearm)

.debug_line     0x00000000     0x365b
 .debug_line    0x00000000       0x80 app/sys/src/startup_stm32.o
 .debug_line    0x00000080      0x744 app/sys/src/sys.o
 .debug_line    0x000007c4      0x6f3 drv/clock/src/clock.o
 .debug_line    0x00000eb7      0x679 drv/core/src/core.o
 .debug_line    0x00001530      0x6d8 drv/gpio/src/gpio.o
 .debug_line    0x00001c08      0x7dd drv/uart/src/uart.o
 .debug_line    0x000023e5      0x3ae myLib/queue/src/queue_static.o
 .debug_line    0x00002793      0x75b platform/comm/src/comm.o
 .debug_line    0x00002eee      0x76d platform/serial_interface/src/serial_interface.o

.debug_info     0x00000000     0x55b2
 .debug_info    0x00000000       0x22 app/sys/src/startup_stm32.o
 .debug_info    0x00000022      0x8f7 app/sys/src/sys.o
 .debug_info    0x00000919      0xd3f drv/clock/src/clock.o
 .debug_info    0x00001658      0x9c4 drv/core/src/core.o
 .debug_info    0x0000201c      0xca2 drv/gpio/src/gpio.o
 .debug_info    0x00002cbe     0x10f5 drv/uart/src/uart.o
 .debug_info    0x00003db3      0x26e myLib/queue/src/queue_static.o
 .debug_info    0x00004021      0xc1c platform/comm/src/comm.o
 .debug_info    0x00004c3d      0x975 platform/serial_interface/src/serial_interface.o

.debug_abbrev   0x00000000     0x106f
 .debug_abbrev  0x00000000       0x12 app/sys/src/startup_stm32.o
 .debug_abbrev  0x00000012      0x1ba app/sys/src/sys.o
 .debug_abbrev  0x000001cc      0x22c drv/clock/src/clock.o
 .debug_abbrev  0x000003f8      0x1e9 drv/core/src/core.o
 .debug_abbrev  0x000005e1      0x246 drv/gpio/src/gpio.o
 .debug_abbrev  0x00000827      0x32e drv/uart/src/uart.o
 .debug_abbrev  0x00000b55      0x10c myLib/queue/src/queue_static.o
 .debug_abbrev  0x00000c61      0x223 platform/comm/src/comm.o
 .debug_abbrev  0x00000e84      0x1eb platform/serial_interface/src/serial_interface.o

.debug_aranges  0x00000000      0x280
 .debug_aranges
                0x00000000       0x28 app/sys/src/startup_stm32.o
 .debug_aranges
                0x00000028       0x30 app/sys/src/sys.o
 .debug_aranges
                0x00000058       0x40 drv/clock/src/clock.o
 .debug_aranges
                0x00000098       0x48 drv/core/src/core.o
 .debug_aranges
                0x000000e0       0x60 drv/gpio/src/gpio.o
 .debug_aranges
                0x00000140       0xa0 drv/uart/src/uart.o
 .debug_aranges
                0x000001e0       0x48 myLib/queue/src/queue_static.o
 .debug_aranges
                0x00000228       0x30 platform/comm/src/comm.o
 .debug_aranges
                0x00000258       0x28 platform/serial_interface/src/serial_interface.o

.debug_str      0x00000000    0x39413
 .debug_str     0x00000000       0x69 app/sys/src/startup_stm32.o
 .debug_str     0x00000069    0x385f2 app/sys/src/sys.o
                              0x38852 (size before relaxing)
 .debug_str     0x0003865b      0x49e drv/clock/src/clock.o
                              0x38c92 (size before relaxing)
 .debug_str     0x00038af9       0x7e drv/core/src/core.o
                              0x38870 (size before relaxing)
 .debug_str     0x00038b77      0x160 drv/gpio/src/gpio.o
                              0x38998 (size before relaxing)
 .debug_str     0x00038cd7      0x57a drv/uart/src/uart.o
                              0x38de4 (size before relaxing)
 .debug_str     0x00039251       0xe0 myLib/queue/src/queue_static.o
                               0x3d19 (size before relaxing)
 .debug_str     0x00039331       0x64 platform/comm/src/comm.o
                              0x38a98 (size before relaxing)
 .debug_str     0x00039395       0x7e platform/serial_interface/src/serial_interface.o
                              0x388c1 (size before relaxing)

.debug_ranges   0x00000000      0x1f8
 .debug_ranges  0x00000000       0x20 app/sys/src/startup_stm32.o
 .debug_ranges  0x00000020       0x20 app/sys/src/sys.o
 .debug_ranges  0x00000040       0x30 drv/clock/src/clock.o
 .debug_ranges  0x00000070       0x38 drv/core/src/core.o
 .debug_ranges  0x000000a8       0x50 drv/gpio/src/gpio.o
 .debug_ranges  0x000000f8       0x90 drv/uart/src/uart.o
 .debug_ranges  0x00000188       0x38 myLib/queue/src/queue_static.o
 .debug_ranges  0x000001c0       0x20 platform/comm/src/comm.o
 .debug_ranges  0x000001e0       0x18 platform/serial_interface/src/serial_interface.o

.debug_macro    0x00000000     0xb372
 .debug_macro   0x00000000      0x1d1 app/sys/src/sys.o
 .debug_macro   0x000001d1      0xa60 app/sys/src/sys.o
 .debug_macro   0x00000c31       0x2e app/sys/src/sys.o
 .debug_macro   0x00000c5f       0x22 app/sys/src/sys.o
 .debug_macro   0x00000c81       0x8e app/sys/src/sys.o
 .debug_macro   0x00000d0f       0x51 app/sys/src/sys.o
 .debug_macro   0x00000d60       0xef app/sys/src/sys.o
 .debug_macro   0x00000e4f       0x6a app/sys/src/sys.o
 .debug_macro   0x00000eb9      0x1df app/sys/src/sys.o
 .debug_macro   0x00001098       0x5e app/sys/src/sys.o
 .debug_macro   0x000010f6       0x18 app/sys/src/sys.o
 .debug_macro   0x0000110e       0x35 app/sys/src/sys.o
 .debug_macro   0x00001143       0x34 app/sys/src/sys.o
 .debug_macro   0x00001177      0x174 app/sys/src/sys.o
 .debug_macro   0x000012eb       0x58 app/sys/src/sys.o
 .debug_macro   0x00001343       0x1f app/sys/src/sys.o
 .debug_macro   0x00001362       0x43 app/sys/src/sys.o
 .debug_macro   0x000013a5       0x20 app/sys/src/sys.o
 .debug_macro   0x000013c5      0x18e app/sys/src/sys.o
 .debug_macro   0x00001553      0x330 app/sys/src/sys.o
 .debug_macro   0x00001883       0x10 app/sys/src/sys.o
 .debug_macro   0x00001893       0x35 app/sys/src/sys.o
 .debug_macro   0x000018c8       0x16 app/sys/src/sys.o
 .debug_macro   0x000018de       0x63 app/sys/src/sys.o
 .debug_macro   0x00001941       0x1c app/sys/src/sys.o
 .debug_macro   0x0000195d       0x22 app/sys/src/sys.o
 .debug_macro   0x0000197f       0xbd app/sys/src/sys.o
 .debug_macro   0x00001a3c      0xd23 app/sys/src/sys.o
 .debug_macro   0x0000275f     0x7ee4 app/sys/src/sys.o
 .debug_macro   0x0000a643      0x112 app/sys/src/sys.o
 .debug_macro   0x0000a755       0x1c app/sys/src/sys.o
 .debug_macro   0x0000a771       0x9a app/sys/src/sys.o
 .debug_macro   0x0000a80b       0x1c app/sys/src/sys.o
 .debug_macro   0x0000a827      0x1bd drv/clock/src/clock.o
 .debug_macro   0x0000a9e4       0x64 drv/clock/src/clock.o
 .debug_macro   0x0000aa48      0x1b4 drv/core/src/core.o
 .debug_macro   0x0000abfc      0x1b4 drv/gpio/src/gpio.o
 .debug_macro   0x0000adb0      0x1b4 drv/uart/src/uart.o
 .debug_macro   0x0000af64       0x6c myLib/queue/src/queue_static.o
 .debug_macro   0x0000afd0      0x1d1 platform/comm/src/comm.o
 .debug_macro   0x0000b1a1      0x1d1 platform/serial_interface/src/serial_interface.o

.comment        0x00000000       0x7f
 .comment       0x00000000       0x7f app/sys/src/sys.o
                                 0x80 (size before relaxing)
 .comment       0x0000007f       0x80 drv/clock/src/clock.o
 .comment       0x0000007f       0x80 drv/core/src/core.o
 .comment       0x0000007f       0x80 drv/gpio/src/gpio.o
 .comment       0x0000007f       0x80 drv/uart/src/uart.o
 .comment       0x0000007f       0x80 myLib/queue/src/queue_static.o
 .comment       0x0000007f       0x80 platform/comm/src/comm.o
 .comment       0x0000007f       0x80 platform/serial_interface/src/serial_interface.o

.debug_frame    0x00000000      0x9a4
 .debug_frame   0x00000000       0x64 app/sys/src/sys.o
 .debug_frame   0x00000064       0xc4 drv/clock/src/clock.o
 .debug_frame   0x00000128       0xf8 drv/core/src/core.o
 .debug_frame   0x00000220      0x15c drv/gpio/src/gpio.o
 .debug_frame   0x0000037c      0x29c drv/uart/src/uart.o
 .debug_frame   0x00000618       0xf4 myLib/queue/src/queue_static.o
 .debug_frame   0x0000070c       0x7c platform/comm/src/comm.o
 .debug_frame   0x00000788       0x5c platform/serial_interface/src/serial_interface.o
 .debug_frame   0x000007e4       0x2c d:/software/compiler/workbench/plugins/fr.ac6.mcu.externaltools.arm-none.win32_1.17.0.201812190825/tools/compiler/bin/../lib/gcc/arm-none-eabi/7.3.1/../../../../arm-none-eabi/lib/thumb/v7-m\libc.a(lib_a-init.o)
 .debug_frame   0x00000810       0x5c d:/software/compiler/workbench/plugins/fr.ac6.mcu.externaltools.arm-none.win32_1.17.0.201812190825/tools/compiler/bin/../lib/gcc/arm-none-eabi/7.3.1/../../../../arm-none-eabi/lib/thumb/v7-m\libc.a(lib_a-__call_atexit.o)
 .debug_frame   0x0000086c       0x20 d:/software/compiler/workbench/plugins/fr.ac6.mcu.externaltools.arm-none.win32_1.17.0.201812190825/tools/compiler/bin/../lib/gcc/arm-none-eabi/7.3.1/../../../../arm-none-eabi/lib/thumb/v7-m\libc.a(lib_a-atexit.o)
 .debug_frame   0x0000088c       0x34 d:/software/compiler/workbench/plugins/fr.ac6.mcu.externaltools.arm-none.win32_1.17.0.201812190825/tools/compiler/bin/../lib/gcc/arm-none-eabi/7.3.1/../../../../arm-none-eabi/lib/thumb/v7-m\libc.a(lib_a-fini.o)
 .debug_frame   0x000008c0       0xb0 d:/software/compiler/workbench/plugins/fr.ac6.mcu.externaltools.arm-none.win32_1.17.0.201812190825/tools/compiler/bin/../lib/gcc/arm-none-eabi/7.3.1/../../../../arm-none-eabi/lib/thumb/v7-m\libc.a(lib_a-lock.o)
 .debug_frame   0x00000970       0x34 d:/software/compiler/workbench/plugins/fr.ac6.mcu.externaltools.arm-none.win32_1.17.0.201812190825/tools/compiler/bin/../lib/gcc/arm-none-eabi/7.3.1/../../../../arm-none-eabi/lib/thumb/v7-m\libc.a(lib_a-__atexit.o)
